Archive member included to satisfy reference by file (symbol)

c:/users/yamaan/appdata/roaming/code/user/globalstorage/bmd.stm32-for-vscode/@xpack-dev-tools/arm-none-eabi-gcc/12.2.1-1.2.1/.content/bin/../lib/gcc/arm-none-eabi/12.2.1/../../../../arm-none-eabi/lib/thumb/v8-m.main+fp/hard\libc.a(libc_a-atexit.o)
                              c:/users/yamaan/appdata/roaming/code/user/globalstorage/bmd.stm32-for-vscode/@xpack-dev-tools/arm-none-eabi-gcc/12.2.1-1.2.1/.content/bin/../lib/gcc/arm-none-eabi/12.2.1/../../../../arm-none-eabi/lib/thumb/v8-m.main+fp/hard/crt0.o (atexit)
c:/users/yamaan/appdata/roaming/code/user/globalstorage/bmd.stm32-for-vscode/@xpack-dev-tools/arm-none-eabi-gcc/12.2.1-1.2.1/.content/bin/../lib/gcc/arm-none-eabi/12.2.1/../../../../arm-none-eabi/lib/thumb/v8-m.main+fp/hard\libc.a(libc_a-exit.o)
                              c:/users/yamaan/appdata/roaming/code/user/globalstorage/bmd.stm32-for-vscode/@xpack-dev-tools/arm-none-eabi-gcc/12.2.1-1.2.1/.content/bin/../lib/gcc/arm-none-eabi/12.2.1/../../../../arm-none-eabi/lib/thumb/v8-m.main+fp/hard/crt0.o (exit)
c:/users/yamaan/appdata/roaming/code/user/globalstorage/bmd.stm32-for-vscode/@xpack-dev-tools/arm-none-eabi-gcc/12.2.1-1.2.1/.content/bin/../lib/gcc/arm-none-eabi/12.2.1/../../../../arm-none-eabi/lib/thumb/v8-m.main+fp/hard\libc.a(libc_a-findfp.o)
                              c:/users/yamaan/appdata/roaming/code/user/globalstorage/bmd.stm32-for-vscode/@xpack-dev-tools/arm-none-eabi-gcc/12.2.1-1.2.1/.content/bin/../lib/gcc/arm-none-eabi/12.2.1/../../../../arm-none-eabi/lib/thumb/v8-m.main+fp/hard\libc.a(libc_a-exit.o) (__stdio_exit_handler)
c:/users/yamaan/appdata/roaming/code/user/globalstorage/bmd.stm32-for-vscode/@xpack-dev-tools/arm-none-eabi-gcc/12.2.1-1.2.1/.content/bin/../lib/gcc/arm-none-eabi/12.2.1/../../../../arm-none-eabi/lib/thumb/v8-m.main+fp/hard\libc.a(libc_a-fwalk.o)
                              c:/users/yamaan/appdata/roaming/code/user/globalstorage/bmd.stm32-for-vscode/@xpack-dev-tools/arm-none-eabi-gcc/12.2.1-1.2.1/.content/bin/../lib/gcc/arm-none-eabi/12.2.1/../../../../arm-none-eabi/lib/thumb/v8-m.main+fp/hard\libc.a(libc_a-findfp.o) (_fwalk_sglue)
c:/users/yamaan/appdata/roaming/code/user/globalstorage/bmd.stm32-for-vscode/@xpack-dev-tools/arm-none-eabi-gcc/12.2.1-1.2.1/.content/bin/../lib/gcc/arm-none-eabi/12.2.1/../../../../arm-none-eabi/lib/thumb/v8-m.main+fp/hard\libc.a(libc_a-stdio.o)
                              c:/users/yamaan/appdata/roaming/code/user/globalstorage/bmd.stm32-for-vscode/@xpack-dev-tools/arm-none-eabi-gcc/12.2.1-1.2.1/.content/bin/../lib/gcc/arm-none-eabi/12.2.1/../../../../arm-none-eabi/lib/thumb/v8-m.main+fp/hard\libc.a(libc_a-findfp.o) (__sread)
c:/users/yamaan/appdata/roaming/code/user/globalstorage/bmd.stm32-for-vscode/@xpack-dev-tools/arm-none-eabi-gcc/12.2.1-1.2.1/.content/bin/../lib/gcc/arm-none-eabi/12.2.1/../../../../arm-none-eabi/lib/thumb/v8-m.main+fp/hard\libc.a(libc_a-memset.o)
                              c:/users/yamaan/appdata/roaming/code/user/globalstorage/bmd.stm32-for-vscode/@xpack-dev-tools/arm-none-eabi-gcc/12.2.1-1.2.1/.content/bin/../lib/gcc/arm-none-eabi/12.2.1/../../../../arm-none-eabi/lib/thumb/v8-m.main+fp/hard/crt0.o (memset)
c:/users/yamaan/appdata/roaming/code/user/globalstorage/bmd.stm32-for-vscode/@xpack-dev-tools/arm-none-eabi-gcc/12.2.1-1.2.1/.content/bin/../lib/gcc/arm-none-eabi/12.2.1/../../../../arm-none-eabi/lib/thumb/v8-m.main+fp/hard\libc.a(libc_a-closer.o)
                              c:/users/yamaan/appdata/roaming/code/user/globalstorage/bmd.stm32-for-vscode/@xpack-dev-tools/arm-none-eabi-gcc/12.2.1-1.2.1/.content/bin/../lib/gcc/arm-none-eabi/12.2.1/../../../../arm-none-eabi/lib/thumb/v8-m.main+fp/hard\libc.a(libc_a-stdio.o) (_close_r)
c:/users/yamaan/appdata/roaming/code/user/globalstorage/bmd.stm32-for-vscode/@xpack-dev-tools/arm-none-eabi-gcc/12.2.1-1.2.1/.content/bin/../lib/gcc/arm-none-eabi/12.2.1/../../../../arm-none-eabi/lib/thumb/v8-m.main+fp/hard\libc.a(libc_a-reent.o)
                              c:/users/yamaan/appdata/roaming/code/user/globalstorage/bmd.stm32-for-vscode/@xpack-dev-tools/arm-none-eabi-gcc/12.2.1-1.2.1/.content/bin/../lib/gcc/arm-none-eabi/12.2.1/../../../../arm-none-eabi/lib/thumb/v8-m.main+fp/hard\libc.a(libc_a-closer.o) (errno)
c:/users/yamaan/appdata/roaming/code/user/globalstorage/bmd.stm32-for-vscode/@xpack-dev-tools/arm-none-eabi-gcc/12.2.1-1.2.1/.content/bin/../lib/gcc/arm-none-eabi/12.2.1/../../../../arm-none-eabi/lib/thumb/v8-m.main+fp/hard\libc.a(libc_a-impure.o)
                              c:/users/yamaan/appdata/roaming/code/user/globalstorage/bmd.stm32-for-vscode/@xpack-dev-tools/arm-none-eabi-gcc/12.2.1-1.2.1/.content/bin/../lib/gcc/arm-none-eabi/12.2.1/../../../../arm-none-eabi/lib/thumb/v8-m.main+fp/hard\libc.a(libc_a-reent.o) (_impure_ptr)
[...]
Memory Configuration

Name             Origin             Length             Attributes
RAM              0x0000000020000000 0x00000000000c0000 xrw
SRAM4            0x0000000028000000 0x0000000000004000 xrw
FLASH            0x0000000008000000 0x0000000000200000 xr
*default*        0x0000000000000000 0xffffffffffffffff

Linker script and memory map

LOAD c:/users/yamaan/appdata/roaming/code/user/globalstorage/bmd.stm32-for-vscode/@xpack-dev-tools/arm-none-eabi-gcc/12.2.1-1.2.1/.content/bin/../lib/gcc/arm-none-eabi/12.2.1/thumb/v8-m.main+fp/hard/crti.o
LOAD c:/users/yamaan/appdata/roaming/code/user/globalstorage/bmd.stm32-for-vscode/@xpack-dev-tools/arm-none-eabi-gcc/12.2.1-1.2.1/.content/bin/../lib/gcc/arm-none-eabi/12.2.1/thumb/v8-m.main+fp/hard/crtbegin.o
LOAD c:/users/yamaan/appdata/roaming/code/user/globalstorage/bmd.stm32-for-vscode/@xpack-dev-tools/arm-none-eabi-gcc/12.2.1-1.2.1/.content/bin/../lib/gcc/arm-none-eabi/12.2.1/../../../../arm-none-eabi/lib/thumb/v8-m.main+fp/hard/crt0.o
LOAD build/main.o
LOAD build/stm32u5xx_hal_msp.o
LOAD build/stm32u5xx_it.o
LOAD build/system_stm32u5xx.o
LOAD build/stm32u5xx_hal.o
LOAD build/stm32u5xx_hal_adc.o
LOAD build/stm32u5xx_hal_adc_ex.o
LOAD build/stm32u5xx_hal_cortex.o
LOAD build/stm32u5xx_hal_dma.o
LOAD build/stm32u5xx_hal_dma_ex.o
LOAD build/stm32u5xx_hal_exti.o
LOAD build/stm32u5xx_hal_fdcan.o
LOAD build/stm32u5xx_hal_flash.o
LOAD build/stm32u5xx_hal_flash_ex.o
LOAD build/stm32u5xx_hal_gpio.o
LOAD build/stm32u5xx_hal_gtzc.o
LOAD build/stm32u5xx_hal_i2c.o
LOAD build/stm32u5xx_hal_i2c_ex.o
LOAD build/stm32u5xx_hal_icache.o
LOAD build/stm32u5xx_hal_pcd.o
LOAD build/stm32u5xx_hal_pcd_ex.o
LOAD build/stm32u5xx_hal_pwr.o
LOAD build/stm32u5xx_hal_pwr_ex.o
LOAD build/stm32u5xx_hal_rcc.o
LOAD build/stm32u5xx_hal_rcc_ex.o
LOAD build/stm32u5xx_hal_tim.o
LOAD build/stm32u5xx_hal_tim_ex.o
LOAD build/stm32u5xx_hal_uart.o
LOAD build/stm32u5xx_hal_uart_ex.o
LOAD build/stm32u5xx_ll_dma.o
LOAD build/stm32u5xx_ll_exti.o
LOAD build/stm32u5xx_ll_gpio.o
LOAD build/stm32u5xx_ll_lpgpio.o
LOAD build/stm32u5xx_ll_ucpd.o
LOAD build/stm32u5xx_ll_usb.o
LOAD build/stm32u5xx_ll_utils.o
LOAD build/startup_stm32u575zitxq.o
LOAD c:/users/yamaan/appdata/roaming/code/user/globalstorage/bmd.stm32-for-vscode/@xpack-dev-tools/arm-none-eabi-gcc/12.2.1-1.2.1/.content/bin/../lib/gcc/arm-none-eabi/12.2.1/../../../../arm-none-eabi/lib/thumb/v8-m.main+fp/hard\libc.a
LOAD c:/users/yamaan/appdata/roaming/code/user/globalstorage/bmd.stm32-for-vscode/@xpack-dev-tools/arm-none-eabi-gcc/12.2.1-1.2.1/.content/bin/../lib/gcc/arm-none-eabi/12.2.1/../../../../arm-none-eabi/lib/thumb/v8-m.main+fp/hard\libm.a
LOAD c:/users/yamaan/appdata/roaming/code/user/globalstorage/bmd.stm32-for-vscode/@xpack-dev-tools/arm-none-eabi-gcc/12.2.1-1.2.1/.content/bin/../lib/gcc/arm-none-eabi/12.2.1/../../../../arm-none-eabi/lib/thumb/v8-m.main+fp/hard\libnosys.a
START GROUP
LOAD c:/users/yamaan/appdata/roaming/code/user/globalstorage/bmd.stm32-for-vscode/@xpack-dev-tools/arm-none-eabi-gcc/12.2.1-1.2.1/.content/bin/../lib/gcc/arm-none-eabi/12.2.1/thumb/v8-m.main+fp/hard\libgcc.a
LOAD c:/users/yamaan/appdata/roaming/code/user/globalstorage/bmd.stm32-for-vscode/@xpack-dev-tools/arm-none-eabi-gcc/12.2.1-1.2.1/.content/bin/../lib/gcc/arm-none-eabi/12.2.1/../../../../arm-none-eabi/lib/thumb/v8-m.main+fp/hard\libc.a
END GROUP
START GROUP
LOAD c:/users/yamaan/appdata/roaming/code/user/globalstorage/bmd.stm32-for-vscode/@xpack-dev-tools/arm-none-eabi-gcc/12.2.1-1.2.1/.content/bin/../lib/gcc/arm-none-eabi/12.2.1/thumb/v8-m.main+fp/hard\libgcc.a
LOAD c:/users/yamaan/appdata/roaming/code/user/globalstorage/bmd.stm32-for-vscode/@xpack-dev-tools/arm-none-eabi-gcc/12.2.1-1.2.1/.content/bin/../lib/gcc/arm-none-eabi/12.2.1/../../../../arm-none-eabi/lib/thumb/v8-m.main+fp/hard\libc.a
LOAD c:/users/yamaan/appdata/roaming/code/user/globalstorage/bmd.stm32-for-vscode/@xpack-dev-tools/arm-none-eabi-gcc/12.2.1-1.2.1/.content/bin/../lib/gcc/arm-none-eabi/12.2.1/../../../../arm-none-eabi/lib/thumb/v8-m.main+fp/hard\libnosys.a
END GROUP
LOAD c:/users/yamaan/appdata/roaming/code/user/globalstorage/bmd.stm32-for-vscode/@xpack-dev-tools/arm-none-eabi-gcc/12.2.1-1.2.1/.content/bin/../lib/gcc/arm-none-eabi/12.2.1/thumb/v8-m.main+fp/hard/crtend.o
LOAD c:/users/yamaan/appdata/roaming/code/user/globalstorage/bmd.stm32-for-vscode/@xpack-dev-tools/arm-none-eabi-gcc/12.2.1-1.2.1/.content/bin/../lib/gcc/arm-none-eabi/12.2.1/thumb/v8-m.main+fp/hard/crtn.o
                0x00000000200c0000                _estack = (ORIGIN (RAM) + LENGTH (RAM))
                0x0000000000000200                _Min_Heap_Size = 0x200
                0x0000000000000400                _Min_Stack_Size = 0x400

.isr_vector     0x0000000008000000      0x234
 *(.isr_vector)
 .isr_vector    0x0000000008000000      0x234 build/startup_stm32u575zitxq.o
                0x0000000008000000                g_pfnVectors

.text           0x0000000008000234     0x5e70
 *(.text)
 .text          0x0000000008000234       0x30 c:/users/yamaan/appdata/roaming/code/user/globalstorage/bmd.stm32-for-vscode/@xpack-dev-tools/arm-none-eabi-gcc/12.2.1-1.2.1/.content/bin/../lib/gcc/arm-none-eabi/12.2.1/thumb/v8-m.main+fp/hard\libgcc.a(_aeabi_uldivmod.o)
                0x0000000008000234                __aeabi_uldivmod
 .text          0x0000000008000264        0x4 c:/users/yamaan/appdata/roaming/code/user/globalstorage/bmd.stm32-for-vscode/@xpack-dev-tools/arm-none-eabi-gcc/12.2.1-1.2.1/.content/bin/../lib/gcc/arm-none-eabi/12.2.1/thumb/v8-m.main+fp/hard\libgcc.a(_dvmd_tls.o)
                0x0000000008000264                __aeabi_idiv0
                0x0000000008000264                __aeabi_ldiv0
 *(.text*)
 .text.__do_global_dtors_aux
                0x0000000008000268       0x24 c:/users/yamaan/appdata/roaming/code/user/globalstorage/bmd.stm32-for-vscode/@xpack-dev-tools/arm-none-eabi-gcc/12.2.1-1.2.1/.content/bin/../lib/gcc/arm-none-eabi/12.2.1/thumb/v8-m.main+fp/hard/crtbegin.o
 .text.frame_dummy
                0x000000000800028c       0x1c c:/users/yamaan/appdata/roaming/code/user/globalstorage/bmd.stm32-for-vscode/@xpack-dev-tools/arm-none-eabi-gcc/12.2.1-1.2.1/.content/bin/../lib/gcc/arm-none-eabi/12.2.1/thumb/v8-m.main+fp/hard/crtbegin.o
 .text.MX_GPIO_Init
                0x00000000080002a8      0x1ec build/main.o
 .text.MX_UCPD1_Init
                0x0000000008000494       0x8c build/main.o
 .text.Error_Handler
                0x0000000008000520        0x4 build/main.o
                0x0000000008000520                Error_Handler
 .text.SystemPower_Config
                0x0000000008000524       0x14 build/main.o
 .text.MX_ADC1_Init
                0x0000000008000538       0x48 build/main.o
 .text.MX_FDCAN1_Init
                0x0000000008000580       0x48 build/main.o
 .text.MX_USART1_UART_Init
                0x00000000080005c8       0x60 build/main.o
 .text.MX_USB_OTG_FS_PCD_Init
                0x0000000008000628       0x34 build/main.o
 .text.SystemClock_Config
                0x000000000800065c       0x98 build/main.o
                0x000000000800065c                SystemClock_Config
 .text.main     0x00000000080006f4       0x28 build/main.o
                0x00000000080006f4                main
 .text.HAL_MspInit
                0x000000000800071c       0x30 build/stm32u5xx_hal_msp.o
                0x000000000800071c                HAL_MspInit
 .text.HAL_ADC_MspInit
                0x000000000800074c       0xf4 build/stm32u5xx_hal_msp.o
                0x000000000800074c                HAL_ADC_MspInit
 .text.HAL_FDCAN_MspInit
                0x0000000008000840       0xa0 build/stm32u5xx_hal_msp.o
                0x0000000008000840                HAL_FDCAN_MspInit
 .text.HAL_UART_MspInit
                0x00000000080008e0       0x98 build/stm32u5xx_hal_msp.o
                0x00000000080008e0                HAL_UART_MspInit
 .text.HAL_PCD_MspInit
                0x0000000008000978       0xe8 build/stm32u5xx_hal_msp.o
                0x0000000008000978                HAL_PCD_MspInit
 .text.NMI_Handler
                0x0000000008000a60        0x2 build/stm32u5xx_it.o
                0x0000000008000a60                NMI_Handler
 .text.HardFault_Handler
                0x0000000008000a62        0x2 build/stm32u5xx_it.o
                0x0000000008000a62                HardFault_Handler
 .text.MemManage_Handler
                0x0000000008000a64        0x2 build/stm32u5xx_it.o
                0x0000000008000a64                MemManage_Handler
 .text.BusFault_Handler
                0x0000000008000a66        0x2 build/stm32u5xx_it.o
                0x0000000008000a66                BusFault_Handler
 .text.UsageFault_Handler
                0x0000000008000a68        0x2 build/stm32u5xx_it.o
                0x0000000008000a68                UsageFault_Handler
 .text.SVC_Handler
                0x0000000008000a6a        0x2 build/stm32u5xx_it.o
                0x0000000008000a6a                SVC_Handler
 .text.DebugMon_Handler
                0x0000000008000a6c        0x2 build/stm32u5xx_it.o
                0x0000000008000a6c                DebugMon_Handler
 .text.PendSV_Handler
                0x0000000008000a6e        0x2 build/stm32u5xx_it.o
                0x0000000008000a6e                PendSV_Handler
 .text.SysTick_Handler
                0x0000000008000a70        0x8 build/stm32u5xx_it.o
                0x0000000008000a70                SysTick_Handler
 .text.OTG_FS_IRQHandler
                0x0000000008000a78       0x10 build/stm32u5xx_it.o
                0x0000000008000a78                OTG_FS_IRQHandler
 .text.SystemInit
                0x0000000008000a88       0x44 build/system_stm32u5xx.o
                0x0000000008000a88                SystemInit
 .text.HAL_InitTick
                0x0000000008000acc       0x50 build/stm32u5xx_hal.o
                0x0000000008000acc                HAL_InitTick
 .text.HAL_Init
                0x0000000008000b1c       0x50 build/stm32u5xx_hal.o
                0x0000000008000b1c                HAL_Init
 .text.HAL_IncTick
                0x0000000008000b6c       0x18 build/stm32u5xx_hal.o
                0x0000000008000b6c                HAL_IncTick
 .text.HAL_GetTick
                0x0000000008000b84        0xc build/stm32u5xx_hal.o
                0x0000000008000b84                HAL_GetTick
 .text.HAL_Delay
                0x0000000008000b90       0x28 build/stm32u5xx_hal.o
                0x0000000008000b90                HAL_Delay
 .text.HAL_ADC_Init
                0x0000000008000bb8      0x41c build/stm32u5xx_hal_adc.o
                0x0000000008000bb8                HAL_ADC_Init
 .text.__NVIC_EnableIRQ
                0x0000000008000fd4       0x1c build/stm32u5xx_hal_cortex.o
 .text.__NVIC_SetPriority
                0x0000000008000ff0       0x28 build/stm32u5xx_hal_cortex.o
 .text.NVIC_EncodePriority
                0x0000000008001018       0x3e build/stm32u5xx_hal_cortex.o
 *fill*         0x0000000008001056        0x2 
 .text.HAL_NVIC_SetPriorityGrouping
                0x0000000008001058       0x24 build/stm32u5xx_hal_cortex.o
                0x0000000008001058                HAL_NVIC_SetPriorityGrouping
 .text.HAL_NVIC_SetPriority
                0x000000000800107c       0x20 build/stm32u5xx_hal_cortex.o
                0x000000000800107c                HAL_NVIC_SetPriority
 .text.HAL_NVIC_EnableIRQ
                0x000000000800109c        0x8 build/stm32u5xx_hal_cortex.o
                0x000000000800109c                HAL_NVIC_EnableIRQ
 .text.HAL_SYSTICK_Config
                0x00000000080010a4       0x28 build/stm32u5xx_hal_cortex.o
                0x00000000080010a4                HAL_SYSTICK_Config
 .text.FDCAN_CalcultateRamBlockAddresses
                0x00000000080010cc       0x68 build/stm32u5xx_hal_fdcan.o
 .text.HAL_FDCAN_Init
                0x0000000008001134      0x1c8 build/stm32u5xx_hal_fdcan.o
                0x0000000008001134                HAL_FDCAN_Init
 .text.HAL_GPIO_Init
                0x00000000080012fc      0x21c build/stm32u5xx_hal_gpio.o
                0x00000000080012fc                HAL_GPIO_Init
 .text.HAL_GPIO_WritePin
                0x0000000008001518        0xa build/stm32u5xx_hal_gpio.o
                0x0000000008001518                HAL_GPIO_WritePin
 .text.PCD_WriteEmptyTxFifo
                0x0000000008001522       0xd0 build/stm32u5xx_hal_pcd.o
 .text.HAL_PCD_Init
                0x00000000080015f2      0x13c build/stm32u5xx_hal_pcd.o
                0x00000000080015f2                HAL_PCD_Init
 .text.HAL_PCD_DataOutStageCallback
                0x000000000800172e        0x2 build/stm32u5xx_hal_pcd.o
                0x000000000800172e                HAL_PCD_DataOutStageCallback
 .text.PCD_EP_OutXfrComplete_int
                0x0000000008001730      0x104 build/stm32u5xx_hal_pcd.o
 .text.HAL_PCD_DataInStageCallback
                0x0000000008001834        0x2 build/stm32u5xx_hal_pcd.o
                0x0000000008001834                HAL_PCD_DataInStageCallback
 .text.HAL_PCD_SetupStageCallback
                0x0000000008001836        0x2 build/stm32u5xx_hal_pcd.o
                0x0000000008001836                HAL_PCD_SetupStageCallback
 .text.PCD_EP_OutSetupPacket_int
                0x0000000008001838       0x50 build/stm32u5xx_hal_pcd.o
 .text.HAL_PCD_SOFCallback
                0x0000000008001888        0x2 build/stm32u5xx_hal_pcd.o
                0x0000000008001888                HAL_PCD_SOFCallback
 .text.HAL_PCD_ResetCallback
                0x000000000800188a        0x2 build/stm32u5xx_hal_pcd.o
                0x000000000800188a                HAL_PCD_ResetCallback
 .text.HAL_PCD_SuspendCallback
                0x000000000800188c        0x2 build/stm32u5xx_hal_pcd.o
                0x000000000800188c                HAL_PCD_SuspendCallback
 .text.HAL_PCD_ResumeCallback
                0x000000000800188e        0x2 build/stm32u5xx_hal_pcd.o
                0x000000000800188e                HAL_PCD_ResumeCallback
 .text.HAL_PCD_ISOOUTIncompleteCallback
                0x0000000008001890        0x2 build/stm32u5xx_hal_pcd.o
                0x0000000008001890                HAL_PCD_ISOOUTIncompleteCallback
 .text.HAL_PCD_ISOINIncompleteCallback
                0x0000000008001892        0x2 build/stm32u5xx_hal_pcd.o
                0x0000000008001892                HAL_PCD_ISOINIncompleteCallback
 .text.HAL_PCD_ConnectCallback
                0x0000000008001894        0x2 build/stm32u5xx_hal_pcd.o
                0x0000000008001894                HAL_PCD_ConnectCallback
 .text.HAL_PCD_DisconnectCallback
                0x0000000008001896        0x2 build/stm32u5xx_hal_pcd.o
                0x0000000008001896                HAL_PCD_DisconnectCallback
 .text.HAL_PCD_EP_Abort
                0x0000000008001898       0x34 build/stm32u5xx_hal_pcd.o
                0x0000000008001898                HAL_PCD_EP_Abort
 .text.HAL_PCD_IRQHandler
                0x00000000080018cc      0x608 build/stm32u5xx_hal_pcd.o
                0x00000000080018cc                HAL_PCD_IRQHandler
 .text.HAL_PCDEx_ActivateLPM
                0x0000000008001ed4       0x26 build/stm32u5xx_hal_pcd_ex.o
                0x0000000008001ed4                HAL_PCDEx_ActivateLPM
 .text.HAL_PCDEx_LPM_Callback
                0x0000000008001efa        0x2 build/stm32u5xx_hal_pcd_ex.o
                0x0000000008001efa                HAL_PCDEx_LPM_Callback
 .text.HAL_PWREx_ControlVoltageScaling
                0x0000000008001efc       0x90 build/stm32u5xx_hal_pwr_ex.o
                0x0000000008001efc                HAL_PWREx_ControlVoltageScaling
 .text.HAL_PWREx_GetVoltageRange
                0x0000000008001f8c       0x10 build/stm32u5xx_hal_pwr_ex.o
                0x0000000008001f8c                HAL_PWREx_GetVoltageRange
 .text.HAL_PWREx_ConfigSupply
                0x0000000008001f9c       0x6c build/stm32u5xx_hal_pwr_ex.o
                0x0000000008001f9c                HAL_PWREx_ConfigSupply
 .text.HAL_PWREx_EnableVddUSB
                0x0000000008002008       0x10 build/stm32u5xx_hal_pwr_ex.o
                0x0000000008002008                HAL_PWREx_EnableVddUSB
 .text.HAL_PWREx_EnableVddIO2
                0x0000000008002018       0x10 build/stm32u5xx_hal_pwr_ex.o
                0x0000000008002018                HAL_PWREx_EnableVddIO2
 .text.RCC_SetFlashLatencyFromMSIRange
                0x0000000008002028       0xc4 build/stm32u5xx_hal_rcc.o
 .text.HAL_RCC_GetSysClockFreq
                0x00000000080020ec      0x184 build/stm32u5xx_hal_rcc.o
                0x00000000080020ec                HAL_RCC_GetSysClockFreq
 .text.HAL_RCC_ClockConfig
                0x0000000008002270      0x30c build/stm32u5xx_hal_rcc.o
                0x0000000008002270                HAL_RCC_ClockConfig
 .text.HAL_RCC_GetHCLKFreq
                0x000000000800257c       0x28 build/stm32u5xx_hal_rcc.o
                0x000000000800257c                HAL_RCC_GetHCLKFreq
 .text.HAL_RCC_OscConfig
                0x00000000080025a4      0xaa8 build/stm32u5xx_hal_rcc.o
                0x00000000080025a4                HAL_RCC_OscConfig
 .text.HAL_RCC_GetPCLK1Freq
                0x000000000800304c       0x20 build/stm32u5xx_hal_rcc.o
                0x000000000800304c                HAL_RCC_GetPCLK1Freq
 .text.HAL_RCC_GetPCLK2Freq
                0x000000000800306c       0x20 build/stm32u5xx_hal_rcc.o
                0x000000000800306c                HAL_RCC_GetPCLK2Freq
 .text.HAL_RCC_GetPCLK3Freq
                0x000000000800308c       0x20 build/stm32u5xx_hal_rcc.o
                0x000000000800308c                HAL_RCC_GetPCLK3Freq
 .text.RCCEx_PLL3_Config
                0x00000000080030ac       0xe4 build/stm32u5xx_hal_rcc_ex.o
 .text.RCCEx_PLL2_Config
                0x0000000008003190       0xe4 build/stm32u5xx_hal_rcc_ex.o
 .text.HAL_RCCEx_PeriphCLKConfig
                0x0000000008003274      0x67c build/stm32u5xx_hal_rcc_ex.o
                0x0000000008003274                HAL_RCCEx_PeriphCLKConfig
 .text.HAL_RCCEx_GetPLL1ClockFreq
                0x00000000080038f0      0x214 build/stm32u5xx_hal_rcc_ex.o
                0x00000000080038f0                HAL_RCCEx_GetPLL1ClockFreq
 .text.HAL_RCCEx_GetPLL2ClockFreq
                0x0000000008003b04      0x214 build/stm32u5xx_hal_rcc_ex.o
                0x0000000008003b04                HAL_RCCEx_GetPLL2ClockFreq
 .text.HAL_RCCEx_GetPLL3ClockFreq
                0x0000000008003d18      0x214 build/stm32u5xx_hal_rcc_ex.o
                0x0000000008003d18                HAL_RCCEx_GetPLL3ClockFreq
 .text.HAL_RCCEx_GetPeriphCLKFreq
                0x0000000008003f2c      0xecc build/stm32u5xx_hal_rcc_ex.o
                0x0000000008003f2c                HAL_RCCEx_GetPeriphCLKFreq
 .text.UART_SetConfig
                0x0000000008004df8      0x1d8 build/stm32u5xx_hal_uart.o
                0x0000000008004df8                UART_SetConfig
 .text.UART_AdvFeatureConfig
                0x0000000008004fd0       0xca build/stm32u5xx_hal_uart.o
                0x0000000008004fd0                UART_AdvFeatureConfig
 .text.UART_WaitOnFlagUntilTimeout
                0x000000000800509a       0xd8 build/stm32u5xx_hal_uart.o
                0x000000000800509a                UART_WaitOnFlagUntilTimeout
 .text.UART_CheckIdleState
                0x0000000008005172       0x74 build/stm32u5xx_hal_uart.o
                0x0000000008005172                UART_CheckIdleState
 .text.HAL_UART_Init
                0x00000000080051e6       0x66 build/stm32u5xx_hal_uart.o
                0x00000000080051e6                HAL_UART_Init
 .text.UARTEx_SetNbDataToProcess
                0x000000000800524c       0x4c build/stm32u5xx_hal_uart_ex.o
 .text.HAL_UARTEx_DisableFifoMode
                0x0000000008005298       0x3e build/stm32u5xx_hal_uart_ex.o
                0x0000000008005298                HAL_UARTEx_DisableFifoMode
 .text.HAL_UARTEx_SetTxFifoThreshold
                0x00000000080052d6       0x4a build/stm32u5xx_hal_uart_ex.o
                0x00000000080052d6                HAL_UARTEx_SetTxFifoThreshold
 .text.HAL_UARTEx_SetRxFifoThreshold
                0x0000000008005320       0x4a build/stm32u5xx_hal_uart_ex.o
                0x0000000008005320                HAL_UARTEx_SetRxFifoThreshold
 .text.LL_GPIO_SetPinMode
                0x000000000800536a       0x3c build/stm32u5xx_ll_gpio.o
 .text.LL_GPIO_SetPinSpeed
                0x00000000080053a6       0x3c build/stm32u5xx_ll_gpio.o
 .text.LL_GPIO_SetPinPull
                0x00000000080053e2       0x3c build/stm32u5xx_ll_gpio.o
 .text.LL_GPIO_SetAFPin_0_7
                0x000000000800541e       0x3c build/stm32u5xx_ll_gpio.o
 .text.LL_GPIO_SetAFPin_8_15
                0x000000000800545a       0x3e build/stm32u5xx_ll_gpio.o
 .text.LL_GPIO_Init
                0x0000000008005498       0x9c build/stm32u5xx_ll_gpio.o
                0x0000000008005498                LL_GPIO_Init
 .text.USB_CoreReset
                0x0000000008005534       0x50 build/stm32u5xx_ll_usb.o
 .text.USB_CoreInit
                0x0000000008005584       0x38 build/stm32u5xx_ll_usb.o
                0x0000000008005584                USB_CoreInit
 .text.USB_SetTurnaroundTime
                0x00000000080055bc       0xe4 build/stm32u5xx_ll_usb.o
                0x00000000080055bc                USB_SetTurnaroundTime
 .text.USB_DisableGlobalInt
                0x00000000080056a0        0xc build/stm32u5xx_ll_usb.o
                0x00000000080056a0                USB_DisableGlobalInt
 .text.USB_FlushTxFifo
                0x00000000080056ac       0x50 build/stm32u5xx_ll_usb.o
                0x00000000080056ac                USB_FlushTxFifo
 .text.USB_FlushRxFifo
                0x00000000080056fc       0x4c build/stm32u5xx_ll_usb.o
                0x00000000080056fc                USB_FlushRxFifo
 .text.USB_SetDevSpeed
                0x0000000008005748        0xe build/stm32u5xx_ll_usb.o
                0x0000000008005748                USB_SetDevSpeed
 *fill*         0x0000000008005756        0x2 
 .text.USB_DevInit
                0x0000000008005758      0x168 build/stm32u5xx_ll_usb.o
                0x0000000008005758                USB_DevInit
 .text.USB_GetDevSpeed
                0x00000000080058c0       0x22 build/stm32u5xx_ll_usb.o
                0x00000000080058c0                USB_GetDevSpeed
 .text.USB_EPStopXfer
                0x00000000080058e2       0xbe build/stm32u5xx_ll_usb.o
                0x00000000080058e2                USB_EPStopXfer
 .text.USB_WritePacket
                0x00000000080059a0       0x2e build/stm32u5xx_ll_usb.o
                0x00000000080059a0                USB_WritePacket
 .text.USB_ReadPacket
                0x00000000080059ce       0x46 build/stm32u5xx_ll_usb.o
                0x00000000080059ce                USB_ReadPacket
 .text.USB_DevDisconnect
                0x0000000008005a14       0x1c build/stm32u5xx_ll_usb.o
                0x0000000008005a14                USB_DevDisconnect
 .text.USB_ReadInterrupts
                0x0000000008005a30        0x8 build/stm32u5xx_ll_usb.o
                0x0000000008005a30                USB_ReadInterrupts
 .text.USB_ReadDevAllOutEpInterrupt
                0x0000000008005a38       0x10 build/stm32u5xx_ll_usb.o
                0x0000000008005a38                USB_ReadDevAllOutEpInterrupt
 .text.USB_ReadDevAllInEpInterrupt
                0x0000000008005a48       0x10 build/stm32u5xx_ll_usb.o
                0x0000000008005a48                USB_ReadDevAllInEpInterrupt
 .text.USB_ReadDevOutEPInterrupt
                0x0000000008005a58       0x12 build/stm32u5xx_ll_usb.o
                0x0000000008005a58                USB_ReadDevOutEPInterrupt
 .text.USB_ReadDevInEPInterrupt
                0x0000000008005a6a       0x24 build/stm32u5xx_ll_usb.o
                0x0000000008005a6a                USB_ReadDevInEPInterrupt
 .text.USB_GetMode
                0x0000000008005a8e        0x8 build/stm32u5xx_ll_usb.o
                0x0000000008005a8e                USB_GetMode
 .text.USB_SetCurrentMode
                0x0000000008005a96       0x62 build/stm32u5xx_ll_usb.o
                0x0000000008005a96                USB_SetCurrentMode
 .text.USB_ActivateSetup
                0x0000000008005af8       0x20 build/stm32u5xx_ll_usb.o
                0x0000000008005af8                USB_ActivateSetup
 .text.USB_EP0_OutStart
                0x0000000008005b18       0x60 build/stm32u5xx_ll_usb.o
                0x0000000008005b18                USB_EP0_OutStart
 .text.Reset_Handler
                0x0000000008005b78       0x50 build/startup_stm32u575zitxq.o
                0x0000000008005b78                Reset_Handler
 .text.Default_Handler
                0x0000000008005bc8        0x2 build/startup_stm32u575zitxq.o
                0x0000000008005bc8                EXTI2_IRQHandler
                0x0000000008005bc8                TIM8_TRG_COM_IRQHandler
                0x0000000008005bc8                TIM8_CC_IRQHandler
                0x0000000008005bc8                EXTI5_IRQHandler
                0x0000000008005bc8                FLASH_S_IRQHandler
                0x0000000008005bc8                EXTI13_IRQHandler
                0x0000000008005bc8                TIM1_CC_IRQHandler
                0x0000000008005bc8                TSC_IRQHandler
                0x0000000008005bc8                TAMP_IRQHandler
                0x0000000008005bc8                TIM6_IRQHandler
                0x0000000008005bc8                EXTI12_IRQHandler
                0x0000000008005bc8                CORDIC_IRQHandler
                0x0000000008005bc8                EXTI3_IRQHandler
                0x0000000008005bc8                LPTIM4_IRQHandler
                0x0000000008005bc8                GPDMA1_Channel5_IRQHandler
                0x0000000008005bc8                EXTI8_IRQHandler
                0x0000000008005bc8                LPTIM2_IRQHandler
                0x0000000008005bc8                I2C3_ER_IRQHandler
                0x0000000008005bc8                PWR_S3WU_IRQHandler
                0x0000000008005bc8                MDF1_FLT2_IRQHandler
                0x0000000008005bc8                LPDMA1_Channel3_IRQHandler
                0x0000000008005bc8                LPTIM3_IRQHandler
                0x0000000008005bc8                EXTI0_IRQHandler
                0x0000000008005bc8                I2C2_EV_IRQHandler
                0x0000000008005bc8                FPU_IRQHandler
                0x0000000008005bc8                GPDMA1_Channel3_IRQHandler
                0x0000000008005bc8                GPDMA1_Channel7_IRQHandler
                0x0000000008005bc8                MDF1_FLT4_IRQHandler
                0x0000000008005bc8                FDCAN1_IT1_IRQHandler
                0x0000000008005bc8                RAMCFG_IRQHandler
                0x0000000008005bc8                GPDMA1_Channel9_IRQHandler
                0x0000000008005bc8                DCACHE1_IRQHandler
                0x0000000008005bc8                SPI1_IRQHandler
                0x0000000008005bc8                OCTOSPI1_IRQHandler
                0x0000000008005bc8                GPDMA1_Channel2_IRQHandler
                0x0000000008005bc8                TIM8_UP_IRQHandler
                0x0000000008005bc8                RCC_S_IRQHandler
                0x0000000008005bc8                OCTOSPI2_IRQHandler
                0x0000000008005bc8                SAI2_IRQHandler
                0x0000000008005bc8                MDF1_FLT1_IRQHandler
                0x0000000008005bc8                ADC1_IRQHandler
                0x0000000008005bc8                MDF1_FLT5_IRQHandler
                0x0000000008005bc8                EXTI15_IRQHandler
                0x0000000008005bc8                TIM17_IRQHandler
                0x0000000008005bc8                USART3_IRQHandler
                0x0000000008005bc8                RTC_IRQHandler
                0x0000000008005bc8                EXTI9_IRQHandler
                0x0000000008005bc8                UART5_IRQHandler
                0x0000000008005bc8                TIM4_IRQHandler
                0x0000000008005bc8                I2C1_EV_IRQHandler
                0x0000000008005bc8                GPDMA1_Channel12_IRQHandler
                0x0000000008005bc8                GPDMA1_Channel1_IRQHandler
                0x0000000008005bc8                TIM16_IRQHandler
                0x0000000008005bc8                GPDMA1_Channel15_IRQHandler
                0x0000000008005bc8                UART4_IRQHandler
                0x0000000008005bc8                SecureFault_Handler
                0x0000000008005bc8                TIM3_IRQHandler
                0x0000000008005bc8                RCC_IRQHandler
                0x0000000008005bc8                TIM1_TRG_COM_IRQHandler
                0x0000000008005bc8                Default_Handler
                0x0000000008005bc8                GPDMA1_Channel8_IRQHandler
                0x0000000008005bc8                FMAC_IRQHandler
                0x0000000008005bc8                GPDMA1_Channel11_IRQHandler
                0x0000000008005bc8                TIM7_IRQHandler
                0x0000000008005bc8                SDMMC1_IRQHandler
                0x0000000008005bc8                TIM5_IRQHandler
                0x0000000008005bc8                UCPD1_IRQHandler
                0x0000000008005bc8                GPDMA1_Channel0_IRQHandler
                0x0000000008005bc8                TIM15_IRQHandler
                0x0000000008005bc8                I2C3_EV_IRQHandler
                0x0000000008005bc8                LPDMA1_Channel0_IRQHandler
                0x0000000008005bc8                PVD_PVM_IRQHandler
                0x0000000008005bc8                SPI2_IRQHandler
                0x0000000008005bc8                LPDMA1_Channel1_IRQHandler
                0x0000000008005bc8                EXTI14_IRQHandler
                0x0000000008005bc8                EXTI11_IRQHandler
                0x0000000008005bc8                CRS_IRQHandler
                0x0000000008005bc8                GPDMA1_Channel14_IRQHandler
                0x0000000008005bc8                EXTI4_IRQHandler
                0x0000000008005bc8                RTC_S_IRQHandler
                0x0000000008005bc8                GPDMA1_Channel13_IRQHandler
                0x0000000008005bc8                RNG_IRQHandler
                0x0000000008005bc8                COMP_IRQHandler
                0x0000000008005bc8                TIM1_UP_IRQHandler
                0x0000000008005bc8                ADC4_IRQHandler
                0x0000000008005bc8                WWDG_IRQHandler
                0x0000000008005bc8                I2C4_EV_IRQHandler
                0x0000000008005bc8                ADF1_IRQHandler
                0x0000000008005bc8                IWDG_IRQHandler
                0x0000000008005bc8                LPUART1_IRQHandler
                0x0000000008005bc8                MDF1_FLT0_IRQHandler
                0x0000000008005bc8                FDCAN1_IT0_IRQHandler
                0x0000000008005bc8                TIM2_IRQHandler
                0x0000000008005bc8                GPDMA1_Channel4_IRQHandler
                0x0000000008005bc8                EXTI7_IRQHandler
                0x0000000008005bc8                DMA2D_IRQHandler
                0x0000000008005bc8                TIM1_BRK_IRQHandler
                0x0000000008005bc8                EXTI1_IRQHandler
                0x0000000008005bc8                SDMMC2_IRQHandler
                0x0000000008005bc8                DAC1_IRQHandler
                0x0000000008005bc8                GTZC_IRQHandler
                0x0000000008005bc8                MDF1_FLT3_IRQHandler
                0x0000000008005bc8                USART2_IRQHandler
                0x0000000008005bc8                GPDMA1_Channel6_IRQHandler
                0x0000000008005bc8                I2C2_ER_IRQHandler
                0x0000000008005bc8                TIM8_BRK_IRQHandler
                0x0000000008005bc8                FLASH_IRQHandler
                0x0000000008005bc8                USART1_IRQHandler
                0x0000000008005bc8                EXTI10_IRQHandler
                0x0000000008005bc8                SPI3_IRQHandler
                0x0000000008005bc8                LPDMA1_Channel2_IRQHandler
                0x0000000008005bc8                I2C1_ER_IRQHandler
                0x0000000008005bc8                FMC_IRQHandler
                0x0000000008005bc8                EXTI6_IRQHandler
                0x0000000008005bc8                LPTIM1_IRQHandler
                0x0000000008005bc8                DCMI_PSSI_IRQHandler
                0x0000000008005bc8                I2C4_ER_IRQHandler
                0x0000000008005bc8                GPDMA1_Channel10_IRQHandler
                0x0000000008005bc8                ICACHE_IRQHandler
                0x0000000008005bc8                SAI1_IRQHandler
                0x0000000008005bc8                HASH_IRQHandler
 *fill*         0x0000000008005bca        0x2 
 .text.atexit   0x0000000008005bcc        0xc c:/users/yamaan/appdata/roaming/code/user/globalstorage/bmd.stm32-for-vscode/@xpack-dev-tools/arm-none-eabi-gcc/12.2.1-1.2.1/.content/bin/../lib/gcc/arm-none-eabi/12.2.1/../../../../arm-none-eabi/lib/thumb/v8-m.main+fp/hard\libc.a(libc_a-atexit.o)
                0x0000000008005bcc                atexit
 .text.memset   0x0000000008005bd8       0xa8 c:/users/yamaan/appdata/roaming/code/user/globalstorage/bmd.stm32-for-vscode/@xpack-dev-tools/arm-none-eabi-gcc/12.2.1-1.2.1/.content/bin/../lib/gcc/arm-none-eabi/12.2.1/../../../../arm-none-eabi/lib/thumb/v8-m.main+fp/hard\libc.a(libc_a-memset.o)
                0x0000000008005bd8                memset
 .text.__libc_init_array
                0x0000000008005c80       0x50 c:/users/yamaan/appdata/roaming/code/user/globalstorage/bmd.stm32-for-vscode/@xpack-dev-tools/arm-none-eabi-gcc/12.2.1-1.2.1/.content/bin/../lib/gcc/arm-none-eabi/12.2.1/../../../../arm-none-eabi/lib/thumb/v8-m.main+fp/hard\libc.a(libc_a-init.o)
                0x0000000008005c80                __libc_init_array
 .text.__libc_fini_array
                0x0000000008005cd0       0x28 c:/users/yamaan/appdata/roaming/code/user/globalstorage/bmd.stm32-for-vscode/@xpack-dev-tools/arm-none-eabi-gcc/12.2.1-1.2.1/.content/bin/../lib/gcc/arm-none-eabi/12.2.1/../../../../arm-none-eabi/lib/thumb/v8-m.main+fp/hard\libc.a(libc_a-fini.o)
                0x0000000008005cd0                __libc_fini_array
 .text.__retarget_lock_acquire_recursive
                0x0000000008005cf8        0x4 c:/users/yamaan/appdata/roaming/code/user/globalstorage/bmd.stm32-for-vscode/@xpack-dev-tools/arm-none-eabi-gcc/12.2.1-1.2.1/.content/bin/../lib/gcc/arm-none-eabi/12.2.1/../../../../arm-none-eabi/lib/thumb/v8-m.main+fp/hard\libc.a(libc_a-lock.o)
                0x0000000008005cf8                __retarget_lock_acquire_recursive
 .text.__retarget_lock_release_recursive
                0x0000000008005cfc        0x4 c:/users/yamaan/appdata/roaming/code/user/globalstorage/bmd.stm32-for-vscode/@xpack-dev-tools/arm-none-eabi-gcc/12.2.1-1.2.1/.content/bin/../lib/gcc/arm-none-eabi/12.2.1/../../../../arm-none-eabi/lib/thumb/v8-m.main+fp/hard\libc.a(libc_a-lock.o)
                0x0000000008005cfc                __retarget_lock_release_recursive
 .text.__register_exitproc
                0x0000000008005d00       0x8c c:/users/yamaan/appdata/roaming/code/user/globalstorage/bmd.stm32-for-vscode/@xpack-dev-tools/arm-none-eabi-gcc/12.2.1-1.2.1/.content/bin/../lib/gcc/arm-none-eabi/12.2.1/../../../../arm-none-eabi/lib/thumb/v8-m.main+fp/hard\libc.a(libc_a-__atexit.o)
                0x0000000008005d00                __register_exitproc
 .text.startup.register_fini
                0x0000000008005d8c       0x14 c:/users/yamaan/appdata/roaming/code/user/globalstorage/bmd.stm32-for-vscode/@xpack-dev-tools/arm-none-eabi-gcc/12.2.1-1.2.1/.content/bin/../lib/gcc/arm-none-eabi/12.2.1/../../../../arm-none-eabi/lib/thumb/v8-m.main+fp/hard\libc.a(libc_a-__call_atexit.o)
 .text.__udivmoddi4
                0x0000000008005da0      0x2ec c:/users/yamaan/appdata/roaming/code/user/globalstorage/bmd.stm32-for-vscode/@xpack-dev-tools/arm-none-eabi-gcc/12.2.1-1.2.1/.content/bin/../lib/gcc/arm-none-eabi/12.2.1/thumb/v8-m.main+fp/hard\libgcc.a(_udivmoddi4.o)
                0x0000000008005da0                __udivmoddi4
 *(.glue_7)
 .glue_7        0x000000000800608c        0x0 linker stubs
 *(.glue_7t)
 .glue_7t       0x000000000800608c        0x0 linker stubs
 *(.eh_frame)
 .eh_frame      0x000000000800608c        0x0 c:/users/yamaan/appdata/roaming/code/user/globalstorage/bmd.stm32-for-vscode/@xpack-dev-tools/arm-none-eabi-gcc/12.2.1-1.2.1/.content/bin/../lib/gcc/arm-none-eabi/12.2.1/thumb/v8-m.main+fp/hard/crtbegin.o
 *(.init)
 .init          0x000000000800608c        0x4 c:/users/yamaan/appdata/roaming/code/user/globalstorage/bmd.stm32-for-vscode/@xpack-dev-tools/arm-none-eabi-gcc/12.2.1-1.2.1/.content/bin/../lib/gcc/arm-none-eabi/12.2.1/thumb/v8-m.main+fp/hard/crti.o
                0x000000000800608c                _init
 .init          0x0000000008006090        0x8 c:/users/yamaan/appdata/roaming/code/user/globalstorage/bmd.stm32-for-vscode/@xpack-dev-tools/arm-none-eabi-gcc/12.2.1-1.2.1/.content/bin/../lib/gcc/arm-none-eabi/12.2.1/thumb/v8-m.main+fp/hard/crtn.o
 *(.fini)
 .fini          0x0000000008006098        0x4 c:/users/yamaan/appdata/roaming/code/user/globalstorage/bmd.stm32-for-vscode/@xpack-dev-tools/arm-none-eabi-gcc/12.2.1-1.2.1/.content/bin/../lib/gcc/arm-none-eabi/12.2.1/thumb/v8-m.main+fp/hard/crti.o
                0x0000000008006098                _fini
 .fini          0x000000000800609c        0x8 c:/users/yamaan/appdata/roaming/code/user/globalstorage/bmd.stm32-for-vscode/@xpack-dev-tools/arm-none-eabi-gcc/12.2.1-1.2.1/.content/bin/../lib/gcc/arm-none-eabi/12.2.1/thumb/v8-m.main+fp/hard/crtn.o
                0x00000000080060a4                _etext = .

.vfp11_veneer   0x00000000080060a4        0x0
 .vfp11_veneer  0x00000000080060a4        0x0 linker stubs

.v4_bx          0x00000000080060a4        0x0
 .v4_bx         0x00000000080060a4        0x0 linker stubs

.iplt           0x00000000080060a4        0x0
 .iplt          0x00000000080060a4        0x0 c:/users/yamaan/appdata/roaming/code/user/globalstorage/bmd.stm32-for-vscode/@xpack-dev-tools/arm-none-eabi-gcc/12.2.1-1.2.1/.content/bin/../lib/gcc/arm-none-eabi/12.2.1/thumb/v8-m.main+fp/hard/crtbegin.o

.rodata         0x00000000080060a4      0x100
 *(.rodata)
 *(.rodata*)
 .rodata.MSIRangeTable
                0x00000000080060a4       0x40 build/system_stm32u5xx.o
                0x00000000080060a4                MSIRangeTable
 .rodata.APBPrescTable
                0x00000000080060e4        0x8 build/system_stm32u5xx.o
                0x00000000080060e4                APBPrescTable
 .rodata.AHBPrescTable
                0x00000000080060ec       0x10 build/system_stm32u5xx.o
                0x00000000080060ec                AHBPrescTable
 .rodata.LPGPIO_Map
                0x00000000080060fc       0x80 build/stm32u5xx_hal_gpio.o
 .rodata.UARTPrescTable
                0x000000000800617c       0x18 build/stm32u5xx_hal_uart.o
                0x000000000800617c                UARTPrescTable
 .rodata.denominator.0
                0x0000000008006194        0x8 build/stm32u5xx_hal_uart_ex.o
 .rodata.numerator.1
                0x000000000800619c        0x8 build/stm32u5xx_hal_uart_ex.o

.ARM.extab
 *(.ARM.extab* .gnu.linkonce.armextab.*)

.ARM            0x00000000080061a4        0x8
                0x00000000080061a4                __exidx_start = .
 *(.ARM.exidx*)
 .ARM.exidx.text.__udivmoddi4
                0x00000000080061a4        0x8 c:/users/yamaan/appdata/roaming/code/user/globalstorage/bmd.stm32-for-vscode/@xpack-dev-tools/arm-none-eabi-gcc/12.2.1-1.2.1/.content/bin/../lib/gcc/arm-none-eabi/12.2.1/thumb/v8-m.main+fp/hard\libgcc.a(_udivmoddi4.o)
                0x00000000080061ac                __exidx_end = .

.rel.dyn        0x00000000080061ac        0x0
 .rel.iplt      0x00000000080061ac        0x0 c:/users/yamaan/appdata/roaming/code/user/globalstorage/bmd.stm32-for-vscode/@xpack-dev-tools/arm-none-eabi-gcc/12.2.1-1.2.1/.content/bin/../lib/gcc/arm-none-eabi/12.2.1/thumb/v8-m.main+fp/hard/crtbegin.o

.preinit_array  0x00000000080061ac        0x0
                0x00000000080061ac                PROVIDE (__preinit_array_start = .)
 *(.preinit_array*)
                0x00000000080061ac                PROVIDE (__preinit_array_end = .)

.init_array     0x00000000080061ac        0x8
                0x00000000080061ac                PROVIDE (__init_array_start = .)
 *(SORT_BY_NAME(.init_array.*))
 .init_array.00000
                0x00000000080061ac        0x4 c:/users/yamaan/appdata/roaming/code/user/globalstorage/bmd.stm32-for-vscode/@xpack-dev-tools/arm-none-eabi-gcc/12.2.1-1.2.1/.content/bin/../lib/gcc/arm-none-eabi/12.2.1/../../../../arm-none-eabi/lib/thumb/v8-m.main+fp/hard\libc.a(libc_a-__call_atexit.o)
 *(.init_array*)
 .init_array    0x00000000080061b0        0x4 c:/users/yamaan/appdata/roaming/code/user/globalstorage/bmd.stm32-for-vscode/@xpack-dev-tools/arm-none-eabi-gcc/12.2.1-1.2.1/.content/bin/../lib/gcc/arm-none-eabi/12.2.1/thumb/v8-m.main+fp/hard/crtbegin.o
                0x00000000080061b4                PROVIDE (__init_array_end = .)

.fini_array     0x00000000080061b4        0x4
                0x00000000080061b4                PROVIDE (__fini_array_start = .)
 *(SORT_BY_NAME(.fini_array.*))
 *(.fini_array*)
 .fini_array    0x00000000080061b4        0x4 c:/users/yamaan/appdata/roaming/code/user/globalstorage/bmd.stm32-for-vscode/@xpack-dev-tools/arm-none-eabi-gcc/12.2.1-1.2.1/.content/bin/../lib/gcc/arm-none-eabi/12.2.1/thumb/v8-m.main+fp/hard/crtbegin.o
                0x00000000080061b8                PROVIDE (__fini_array_end = .)
                0x00000000080061b8                _sidata = LOADADDR (.data)

.data           0x0000000020000000       0x10 load address 0x00000000080061b8
                0x0000000020000000                _sdata = .
 *(.data)
 *(.data*)
 .data.SystemCoreClock
                0x0000000020000000        0x4 build/system_stm32u5xx.o
                0x0000000020000000                SystemCoreClock
 .data.uwTickFreq
                0x0000000020000004        0x1 build/stm32u5xx_hal.o
                0x0000000020000004                uwTickFreq
 *fill*         0x0000000020000005        0x3 
 .data.uwTickPrio
                0x0000000020000008        0x4 build/stm32u5xx_hal.o
                0x0000000020000008                uwTickPrio
 .data.__atexit_recursive_mutex
                0x000000002000000c        0x4 c:/users/yamaan/appdata/roaming/code/user/globalstorage/bmd.stm32-for-vscode/@xpack-dev-tools/arm-none-eabi-gcc/12.2.1-1.2.1/.content/bin/../lib/gcc/arm-none-eabi/12.2.1/../../../../arm-none-eabi/lib/thumb/v8-m.main+fp/hard\libc.a(libc_a-__call_atexit.o)
                0x000000002000000c                __atexit_recursive_mutex
 *(.RamFunc)
 *(.RamFunc*)
                0x0000000020000010                _edata = .

.igot.plt       0x0000000020000010        0x0 load address 0x00000000080061c8
 .igot.plt      0x0000000020000010        0x0 c:/users/yamaan/appdata/roaming/code/user/globalstorage/bmd.stm32-for-vscode/@xpack-dev-tools/arm-none-eabi-gcc/12.2.1-1.2.1/.content/bin/../lib/gcc/arm-none-eabi/12.2.1/thumb/v8-m.main+fp/hard/crtbegin.o

.bss            0x0000000020000010      0x844 load address 0x00000000080061c8
                0x0000000020000010                _sbss = .
                0x0000000020000010                __bss_start__ = _sbss
 *(.bss)
 *(.bss*)
 .bss.completed.1
                0x0000000020000010        0x1 c:/users/yamaan/appdata/roaming/code/user/globalstorage/bmd.stm32-for-vscode/@xpack-dev-tools/arm-none-eabi-gcc/12.2.1-1.2.1/.content/bin/../lib/gcc/arm-none-eabi/12.2.1/thumb/v8-m.main+fp/hard/crtbegin.o
 *fill*         0x0000000020000011        0x3 
 .bss.object.0  0x0000000020000014       0x18 c:/users/yamaan/appdata/roaming/code/user/globalstorage/bmd.stm32-for-vscode/@xpack-dev-tools/arm-none-eabi-gcc/12.2.1-1.2.1/.content/bin/../lib/gcc/arm-none-eabi/12.2.1/thumb/v8-m.main+fp/hard/crtbegin.o
 .bss.hpcd_USB_OTG_FS
                0x000000002000002c      0x50c build/main.o
                0x000000002000002c                hpcd_USB_OTG_FS
 .bss.huart1    0x0000000020000538       0x90 build/main.o
                0x0000000020000538                huart1
 .bss.hfdcan1   0x00000000200005c8       0x64 build/main.o
                0x00000000200005c8                hfdcan1
 .bss.hadc1     0x000000002000062c       0x8c build/main.o
                0x000000002000062c                hadc1
 .bss.uwTick    0x00000000200006b8        0x4 build/stm32u5xx_hal.o
                0x00000000200006b8                uwTick
 .bss.__lock___atexit_recursive_mutex
                0x00000000200006bc        0x1 c:/users/yamaan/appdata/roaming/code/user/globalstorage/bmd.stm32-for-vscode/@xpack-dev-tools/arm-none-eabi-gcc/12.2.1-1.2.1/.content/bin/../lib/gcc/arm-none-eabi/12.2.1/../../../../arm-none-eabi/lib/thumb/v8-m.main+fp/hard\libc.a(libc_a-lock.o)
                0x00000000200006bc                __lock___atexit_recursive_mutex
 *fill*         0x00000000200006bd        0x3 
 .bss.__atexit0
                0x00000000200006c0      0x190 c:/users/yamaan/appdata/roaming/code/user/globalstorage/bmd.stm32-for-vscode/@xpack-dev-tools/arm-none-eabi-gcc/12.2.1-1.2.1/.content/bin/../lib/gcc/arm-none-eabi/12.2.1/../../../../arm-none-eabi/lib/thumb/v8-m.main+fp/hard\libc.a(libc_a-__atexit.o)
                0x00000000200006c0                __atexit0
 .bss.__atexit  0x0000000020000850        0x4 c:/users/yamaan/appdata/roaming/code/user/globalstorage/bmd.stm32-for-vscode/@xpack-dev-tools/arm-none-eabi-gcc/12.2.1-1.2.1/.content/bin/../lib/gcc/arm-none-eabi/12.2.1/../../../../arm-none-eabi/lib/thumb/v8-m.main+fp/hard\libc.a(libc_a-__call_atexit.o)
                0x0000000020000850                __atexit
 *(COMMON)
                0x0000000020000854                _ebss = .
                0x0000000020000854                __bss_end__ = _ebss

._user_heap_stack
                0x0000000020000854      0x604 load address 0x00000000080061c8
                0x0000000020000858                . = ALIGN (0x8)
 *fill*         0x0000000020000854        0x4 
                0x0000000020000858                PROVIDE (end = .)
                [!provide]                        PROVIDE (_end = .)
                0x0000000020000a58                . = (. + _Min_Heap_Size)
 *fill*         0x0000000020000858      0x200 
                0x0000000020000e58                . = (. + _Min_Stack_Size)
 *fill*         0x0000000020000a58      0x400 
                0x0000000020000e58                . = ALIGN (0x8)

/DISCARD/
 libc.a(*)
 libm.a(*)
 libgcc.a(*)

.ARM.attributes
                0x0000000000000000       0x36
 *(.ARM.attributes)
 .ARM.attributes
                0x0000000000000000       0x26 c:/users/yamaan/appdata/roaming/code/user/globalstorage/bmd.stm32-for-vscode/@xpack-dev-tools/arm-none-eabi-gcc/12.2.1-1.2.1/.content/bin/../lib/gcc/arm-none-eabi/12.2.1/thumb/v8-m.main+fp/hard/crti.o
 .ARM.attributes
                0x0000000000000026       0x38 c:/users/yamaan/appdata/roaming/code/user/globalstorage/bmd.stm32-for-vscode/@xpack-dev-tools/arm-none-eabi-gcc/12.2.1-1.2.1/.content/bin/../lib/gcc/arm-none-eabi/12.2.1/thumb/v8-m.main+fp/hard/crtbegin.o
 .ARM.attributes
                0x000000000000005e       0x3a build/main.o
 .ARM.attributes
                0x0000000000000098       0x3a build/stm32u5xx_hal_msp.o
 .ARM.attributes
                0x00000000000000d2       0x3a build/stm32u5xx_it.o
 .ARM.attributes
                0x000000000000010c       0x3a build/system_stm32u5xx.o
 .ARM.attributes
                0x0000000000000146       0x3a build/stm32u5xx_hal.o
 .ARM.attributes
                0x0000000000000180       0x3a build/stm32u5xx_hal_adc.o
 .ARM.attributes
                0x00000000000001ba       0x3a build/stm32u5xx_hal_cortex.o
 .ARM.attributes
                0x00000000000001f4       0x3a build/stm32u5xx_hal_fdcan.o
 .ARM.attributes
                0x000000000000022e       0x3a build/stm32u5xx_hal_gpio.o
 .ARM.attributes
                0x0000000000000268       0x3a build/stm32u5xx_hal_pcd.o
 .ARM.attributes
                0x00000000000002a2       0x3a build/stm32u5xx_hal_pcd_ex.o
 .ARM.attributes
                0x00000000000002dc       0x3a build/stm32u5xx_hal_pwr_ex.o
 .ARM.attributes
                0x0000000000000316       0x3a build/stm32u5xx_hal_rcc.o
 .ARM.attributes
                0x0000000000000350       0x3a build/stm32u5xx_hal_rcc_ex.o
 .ARM.attributes
                0x000000000000038a       0x3a build/stm32u5xx_hal_uart.o
 .ARM.attributes
                0x00000000000003c4       0x3a build/stm32u5xx_hal_uart_ex.o
 .ARM.attributes
                0x00000000000003fe       0x3a build/stm32u5xx_ll_gpio.o
 .ARM.attributes
                0x0000000000000438       0x3a build/stm32u5xx_ll_usb.o
 .ARM.attributes
                0x0000000000000472       0x24 build/startup_stm32u575zitxq.o
 .ARM.attributes
                0x0000000000000496       0x38 c:/users/yamaan/appdata/roaming/code/user/globalstorage/bmd.stm32-for-vscode/@xpack-dev-tools/arm-none-eabi-gcc/12.2.1-1.2.1/.content/bin/../lib/gcc/arm-none-eabi/12.2.1/../../../../arm-none-eabi/lib/thumb/v8-m.main+fp/hard\libc.a(libc_a-atexit.o)
 .ARM.attributes
                0x00000000000004ce       0x38 c:/users/yamaan/appdata/roaming/code/user/globalstorage/bmd.stm32-for-vscode/@xpack-dev-tools/arm-none-eabi-gcc/12.2.1-1.2.1/.content/bin/../lib/gcc/arm-none-eabi/12.2.1/../../../../arm-none-eabi/lib/thumb/v8-m.main+fp/hard\libc.a(libc_a-memset.o)
 .ARM.attributes
                0x0000000000000506       0x38 c:/users/yamaan/appdata/roaming/code/user/globalstorage/bmd.stm32-for-vscode/@xpack-dev-tools/arm-none-eabi-gcc/12.2.1-1.2.1/.content/bin/../lib/gcc/arm-none-eabi/12.2.1/../../../../arm-none-eabi/lib/thumb/v8-m.main+fp/hard\libc.a(libc_a-init.o)
 .ARM.attributes
                0x000000000000053e       0x38 c:/users/yamaan/appdata/roaming/code/user/globalstorage/bmd.stm32-for-vscode/@xpack-dev-tools/arm-none-eabi-gcc/12.2.1-1.2.1/.content/bin/../lib/gcc/arm-none-eabi/12.2.1/../../../../arm-none-eabi/lib/thumb/v8-m.main+fp/hard\libc.a(libc_a-fini.o)
 .ARM.attributes
                0x0000000000000576       0x38 c:/users/yamaan/appdata/roaming/code/user/globalstorage/bmd.stm32-for-vscode/@xpack-dev-tools/arm-none-eabi-gcc/12.2.1-1.2.1/.content/bin/../lib/gcc/arm-none-eabi/12.2.1/../../../../arm-none-eabi/lib/thumb/v8-m.main+fp/hard\libc.a(libc_a-lock.o)
 .ARM.attributes
                0x00000000000005ae       0x38 c:/users/yamaan/appdata/roaming/code/user/globalstorage/bmd.stm32-for-vscode/@xpack-dev-tools/arm-none-eabi-gcc/12.2.1-1.2.1/.content/bin/../lib/gcc/arm-none-eabi/12.2.1/../../../../arm-none-eabi/lib/thumb/v8-m.main+fp/hard\libc.a(libc_a-__atexit.o)
 .ARM.attributes
                0x00000000000005e6       0x38 c:/users/yamaan/appdata/roaming/code/user/globalstorage/bmd.stm32-for-vscode/@xpack-dev-tools/arm-none-eabi-gcc/12.2.1-1.2.1/.content/bin/../lib/gcc/arm-none-eabi/12.2.1/../../../../arm-none-eabi/lib/thumb/v8-m.main+fp/hard\libc.a(libc_a-__call_atexit.o)
 .ARM.attributes
                0x000000000000061e       0x26 c:/users/yamaan/appdata/roaming/code/user/globalstorage/bmd.stm32-for-vscode/@xpack-dev-tools/arm-none-eabi-gcc/12.2.1-1.2.1/.content/bin/../lib/gcc/arm-none-eabi/12.2.1/thumb/v8-m.main+fp/hard\libgcc.a(_aeabi_uldivmod.o)
 .ARM.attributes
                0x0000000000000644       0x38 c:/users/yamaan/appdata/roaming/code/user/globalstorage/bmd.stm32-for-vscode/@xpack-dev-tools/arm-none-eabi-gcc/12.2.1-1.2.1/.content/bin/../lib/gcc/arm-none-eabi/12.2.1/thumb/v8-m.main+fp/hard\libgcc.a(_udivmoddi4.o)
 .ARM.attributes
                0x000000000000067c       0x26 c:/users/yamaan/appdata/roaming/code/user/globalstorage/bmd.stm32-for-vscode/@xpack-dev-tools/arm-none-eabi-gcc/12.2.1-1.2.1/.content/bin/../lib/gcc/arm-none-eabi/12.2.1/thumb/v8-m.main+fp/hard\libgcc.a(_dvmd_tls.o)
 .ARM.attributes
                0x00000000000006a2       0x26 c:/users/yamaan/appdata/roaming/code/user/globalstorage/bmd.stm32-for-vscode/@xpack-dev-tools/arm-none-eabi-gcc/12.2.1-1.2.1/.content/bin/../lib/gcc/arm-none-eabi/12.2.1/thumb/v8-m.main+fp/hard/crtn.o
OUTPUT(build/STM32_TempBoard_Test_Code.elf elf32-littlearm)
LOAD linker stubs
LOAD c:/users/yamaan/appdata/roaming/code/user/globalstorage/bmd.stm32-for-vscode/@xpack-dev-tools/arm-none-eabi-gcc/12.2.1-1.2.1/.content/bin/../lib/gcc/arm-none-eabi/12.2.1/../../../../arm-none-eabi/lib/thumb/v8-m.main+fp/hard\libc.a
LOAD c:/users/yamaan/appdata/roaming/code/user/globalstorage/bmd.stm32-for-vscode/@xpack-dev-tools/arm-none-eabi-gcc/12.2.1-1.2.1/.content/bin/../lib/gcc/arm-none-eabi/12.2.1/../../../../arm-none-eabi/lib/thumb/v8-m.main+fp/hard\libm.a
LOAD c:/users/yamaan/appdata/roaming/code/user/globalstorage/bmd.stm32-for-vscode/@xpack-dev-tools/arm-none-eabi-gcc/12.2.1-1.2.1/.content/bin/../lib/gcc/arm-none-eabi/12.2.1/thumb/v8-m.main+fp/hard\libgcc.a

.comment        0x0000000000000000       0x39
 .comment       0x0000000000000000       0x39 c:/users/yamaan/appdata/roaming/code/user/globalstorage/bmd.stm32-for-vscode/@xpack-dev-tools/arm-none-eabi-gcc/12.2.1-1.2.1/.content/bin/../lib/gcc/arm-none-eabi/12.2.1/thumb/v8-m.main+fp/hard/crtbegin.o
                                         0x3a (size before relaxing)
 .comment       0x0000000000000039       0x3a build/main.o
 .comment       0x0000000000000039       0x3a build/stm32u5xx_hal_msp.o
 .comment       0x0000000000000039       0x3a build/stm32u5xx_it.o
 .comment       0x0000000000000039       0x3a build/system_stm32u5xx.o
 .comment       0x0000000000000039       0x3a build/stm32u5xx_hal.o
 .comment       0x0000000000000039       0x3a build/stm32u5xx_hal_adc.o
 .comment       0x0000000000000039       0x3a build/stm32u5xx_hal_cortex.o
 .comment       0x0000000000000039       0x3a build/stm32u5xx_hal_fdcan.o
 .comment       0x0000000000000039       0x3a build/stm32u5xx_hal_gpio.o
 .comment       0x0000000000000039       0x3a build/stm32u5xx_hal_pcd.o
 .comment       0x0000000000000039       0x3a build/stm32u5xx_hal_pcd_ex.o
 .comment       0x0000000000000039       0x3a build/stm32u5xx_hal_pwr_ex.o
 .comment       0x0000000000000039       0x3a build/stm32u5xx_hal_rcc.o
 .comment       0x0000000000000039       0x3a build/stm32u5xx_hal_rcc_ex.o
 .comment       0x0000000000000039       0x3a build/stm32u5xx_hal_uart.o
 .comment       0x0000000000000039       0x3a build/stm32u5xx_hal_uart_ex.o
 .comment       0x0000000000000039       0x3a build/stm32u5xx_ll_gpio.o
 .comment       0x0000000000000039       0x3a build/stm32u5xx_ll_usb.o
 .comment       0x0000000000000039       0x3a c:/users/yamaan/appdata/roaming/code/user/globalstorage/bmd.stm32-for-vscode/@xpack-dev-tools/arm-none-eabi-gcc/12.2.1-1.2.1/.content/bin/../lib/gcc/arm-none-eabi/12.2.1/../../../../arm-none-eabi/lib/thumb/v8-m.main+fp/hard\libc.a(libc_a-atexit.o)
 .comment       0x0000000000000039       0x3a c:/users/yamaan/appdata/roaming/code/user/globalstorage/bmd.stm32-for-vscode/@xpack-dev-tools/arm-none-eabi-gcc/12.2.1-1.2.1/.content/bin/../lib/gcc/arm-none-eabi/12.2.1/../../../../arm-none-eabi/lib/thumb/v8-m.main+fp/hard\libc.a(libc_a-memset.o)
 .comment       0x0000000000000039       0x3a c:/users/yamaan/appdata/roaming/code/user/globalstorage/bmd.stm32-for-vscode/@xpack-dev-tools/arm-none-eabi-gcc/12.2.1-1.2.1/.content/bin/../lib/gcc/arm-none-eabi/12.2.1/../../../../arm-none-eabi/lib/thumb/v8-m.main+fp/hard\libc.a(libc_a-init.o)
 .comment       0x0000000000000039       0x3a c:/users/yamaan/appdata/roaming/code/user/globalstorage/bmd.stm32-for-vscode/@xpack-dev-tools/arm-none-eabi-gcc/12.2.1-1.2.1/.content/bin/../lib/gcc/arm-none-eabi/12.2.1/../../../../arm-none-eabi/lib/thumb/v8-m.main+fp/hard\libc.a(libc_a-fini.o)
 .comment       0x0000000000000039       0x3a c:/users/yamaan/appdata/roaming/code/user/globalstorage/bmd.stm32-for-vscode/@xpack-dev-tools/arm-none-eabi-gcc/12.2.1-1.2.1/.content/bin/../lib/gcc/arm-none-eabi/12.2.1/../../../../arm-none-eabi/lib/thumb/v8-m.main+fp/hard\libc.a(libc_a-lock.o)
 .comment       0x0000000000000039       0x3a c:/users/yamaan/appdata/roaming/code/user/globalstorage/bmd.stm32-for-vscode/@xpack-dev-tools/arm-none-eabi-gcc/12.2.1-1.2.1/.content/bin/../lib/gcc/arm-none-eabi/12.2.1/../../../../arm-none-eabi/lib/thumb/v8-m.main+fp/hard\libc.a(libc_a-__atexit.o)
 .comment       0x0000000000000039       0x3a c:/users/yamaan/appdata/roaming/code/user/globalstorage/bmd.stm32-for-vscode/@xpack-dev-tools/arm-none-eabi-gcc/12.2.1-1.2.1/.content/bin/../lib/gcc/arm-none-eabi/12.2.1/../../../../arm-none-eabi/lib/thumb/v8-m.main+fp/hard\libc.a(libc_a-__call_atexit.o)
 .comment       0x0000000000000039       0x3a c:/users/yamaan/appdata/roaming/code/user/globalstorage/bmd.stm32-for-vscode/@xpack-dev-tools/arm-none-eabi-gcc/12.2.1-1.2.1/.content/bin/../lib/gcc/arm-none-eabi/12.2.1/thumb/v8-m.main+fp/hard\libgcc.a(_udivmoddi4.o)

.debug_info     0x0000000000000000    0x1ee4b
 .debug_info    0x0000000000000000     0x2752 build/main.o
 .debug_info    0x0000000000002752     0x28ef build/stm32u5xx_hal_msp.o
 .debug_info    0x0000000000005041      0x723 build/stm32u5xx_it.o
 .debug_info    0x0000000000005764      0x904 build/system_stm32u5xx.o
 .debug_info    0x0000000000006068     0x1229 build/stm32u5xx_hal.o
 .debug_info    0x0000000000007291     0x3969 build/stm32u5xx_hal_adc.o
 .debug_info    0x000000000000abfa     0x17e6 build/stm32u5xx_hal_cortex.o
 .debug_info    0x000000000000c3e0     0x1c42 build/stm32u5xx_hal_fdcan.o
 .debug_info    0x000000000000e022      0x8c6 build/stm32u5xx_hal_gpio.o
 .debug_info    0x000000000000e8e8     0x1c5a build/stm32u5xx_hal_pcd.o
 .debug_info    0x0000000000010542      0xa09 build/stm32u5xx_hal_pcd_ex.o
 .debug_info    0x0000000000010f4b      0xf1e build/stm32u5xx_hal_pwr_ex.o
 .debug_info    0x0000000000011e69     0x156c build/stm32u5xx_hal_rcc.o
 .debug_info    0x00000000000133d5     0x1bd6 build/stm32u5xx_hal_rcc_ex.o
 .debug_info    0x0000000000014fab     0x556b build/stm32u5xx_hal_uart.o
 .debug_info    0x000000000001a516     0x13f3 build/stm32u5xx_hal_uart_ex.o
 .debug_info    0x000000000001b909      0xf70 build/stm32u5xx_ll_gpio.o
 .debug_info    0x000000000001c879     0x1e4a build/stm32u5xx_ll_usb.o
 .debug_info    0x000000000001e6c3       0x2e build/startup_stm32u575zitxq.o
 .debug_info    0x000000000001e6f1       0x24 c:/users/yamaan/appdata/roaming/code/user/globalstorage/bmd.stm32-for-vscode/@xpack-dev-tools/arm-none-eabi-gcc/12.2.1-1.2.1/.content/bin/../lib/gcc/arm-none-eabi/12.2.1/thumb/v8-m.main+fp/hard\libgcc.a(_aeabi_uldivmod.o)
 .debug_info    0x000000000001e715      0x6fd c:/users/yamaan/appdata/roaming/code/user/globalstorage/bmd.stm32-for-vscode/@xpack-dev-tools/arm-none-eabi-gcc/12.2.1-1.2.1/.content/bin/../lib/gcc/arm-none-eabi/12.2.1/thumb/v8-m.main+fp/hard\libgcc.a(_udivmoddi4.o)
 .debug_info    0x000000000001ee12       0x39 c:/users/yamaan/appdata/roaming/code/user/globalstorage/bmd.stm32-for-vscode/@xpack-dev-tools/arm-none-eabi-gcc/12.2.1-1.2.1/.content/bin/../lib/gcc/arm-none-eabi/12.2.1/thumb/v8-m.main+fp/hard\libgcc.a(_dvmd_tls.o)

.debug_abbrev   0x0000000000000000     0x328f
 .debug_abbrev  0x0000000000000000      0x376 build/main.o
 .debug_abbrev  0x0000000000000376      0x2b5 build/stm32u5xx_hal_msp.o
 .debug_abbrev  0x000000000000062b      0x1c5 build/stm32u5xx_it.o
 .debug_abbrev  0x00000000000007f0      0x12d build/system_stm32u5xx.o
 .debug_abbrev  0x000000000000091d      0x297 build/stm32u5xx_hal.o
 .debug_abbrev  0x0000000000000bb4      0x328 build/stm32u5xx_hal_adc.o
 .debug_abbrev  0x0000000000000edc      0x397 build/stm32u5xx_hal_cortex.o
 .debug_abbrev  0x0000000000001273      0x214 build/stm32u5xx_hal_fdcan.o
 .debug_abbrev  0x0000000000001487      0x2ac build/stm32u5xx_hal_gpio.o
 .debug_abbrev  0x0000000000001733      0x307 build/stm32u5xx_hal_pcd.o
 .debug_abbrev  0x0000000000001a3a      0x2b2 build/stm32u5xx_hal_pcd_ex.o
 .debug_abbrev  0x0000000000001cec      0x219 build/stm32u5xx_hal_pwr_ex.o
 .debug_abbrev  0x0000000000001f05      0x2a1 build/stm32u5xx_hal_rcc.o
 .debug_abbrev  0x00000000000021a6      0x2a3 build/stm32u5xx_hal_rcc_ex.o
 .debug_abbrev  0x0000000000002449      0x33a build/stm32u5xx_hal_uart.o
 .debug_abbrev  0x0000000000002783      0x33f build/stm32u5xx_hal_uart_ex.o
 .debug_abbrev  0x0000000000002ac2      0x2f1 build/stm32u5xx_ll_gpio.o
 .debug_abbrev  0x0000000000002db3      0x322 build/stm32u5xx_ll_usb.o
 .debug_abbrev  0x00000000000030d5       0x1d build/startup_stm32u575zitxq.o
 .debug_abbrev  0x00000000000030f2       0x14 c:/users/yamaan/appdata/roaming/code/user/globalstorage/bmd.stm32-for-vscode/@xpack-dev-tools/arm-none-eabi-gcc/12.2.1-1.2.1/.content/bin/../lib/gcc/arm-none-eabi/12.2.1/thumb/v8-m.main+fp/hard\libgcc.a(_aeabi_uldivmod.o)
 .debug_abbrev  0x0000000000003106      0x16a c:/users/yamaan/appdata/roaming/code/user/globalstorage/bmd.stm32-for-vscode/@xpack-dev-tools/arm-none-eabi-gcc/12.2.1-1.2.1/.content/bin/../lib/gcc/arm-none-eabi/12.2.1/thumb/v8-m.main+fp/hard\libgcc.a(_udivmoddi4.o)
 .debug_abbrev  0x0000000000003270       0x1f c:/users/yamaan/appdata/roaming/code/user/globalstorage/bmd.stm32-for-vscode/@xpack-dev-tools/arm-none-eabi-gcc/12.2.1-1.2.1/.content/bin/../lib/gcc/arm-none-eabi/12.2.1/thumb/v8-m.main+fp/hard\libgcc.a(_dvmd_tls.o)

.debug_loclists
                0x0000000000000000     0xcc5f
 .debug_loclists
                0x0000000000000000       0x32 build/main.o
 .debug_loclists
                0x0000000000000032      0x156 build/stm32u5xx_hal_msp.o
 .debug_loclists
                0x0000000000000188       0xc1 build/system_stm32u5xx.o
 .debug_loclists
                0x0000000000000249      0x122 build/stm32u5xx_hal.o
 .debug_loclists
                0x000000000000036b     0x1b46 build/stm32u5xx_hal_adc.o
 .debug_loclists
                0x0000000000001eb1      0x4d9 build/stm32u5xx_hal_cortex.o
 .debug_loclists
                0x000000000000238a      0xcbc build/stm32u5xx_hal_fdcan.o
 .debug_loclists
                0x0000000000003046      0x52b build/stm32u5xx_hal_gpio.o
 .debug_loclists
                0x0000000000003571      0xcae build/stm32u5xx_hal_pcd.o
 .debug_loclists
                0x000000000000421f      0x15b build/stm32u5xx_hal_pcd_ex.o
 .debug_loclists
                0x000000000000437a      0x8f6 build/stm32u5xx_hal_pwr_ex.o
 .debug_loclists
                0x0000000000004c70      0x811 build/stm32u5xx_hal_rcc.o
 .debug_loclists
                0x0000000000005481     0x1a7b build/stm32u5xx_hal_rcc_ex.o
 .debug_loclists
                0x0000000000006efc     0x2f7e build/stm32u5xx_hal_uart.o
 .debug_loclists
                0x0000000000009e7a      0x814 build/stm32u5xx_hal_uart_ex.o
 .debug_loclists
                0x000000000000a68e      0x5d0 build/stm32u5xx_ll_gpio.o
 .debug_loclists
                0x000000000000ac5e     0x1662 build/stm32u5xx_ll_usb.o
 .debug_loclists
                0x000000000000c2c0      0x99f c:/users/yamaan/appdata/roaming/code/user/globalstorage/bmd.stm32-for-vscode/@xpack-dev-tools/arm-none-eabi-gcc/12.2.1-1.2.1/.content/bin/../lib/gcc/arm-none-eabi/12.2.1/thumb/v8-m.main+fp/hard\libgcc.a(_udivmoddi4.o)

.debug_aranges  0x0000000000000000     0x1200
 .debug_aranges
                0x0000000000000000       0x68 build/main.o
 .debug_aranges
                0x0000000000000068       0x60 build/stm32u5xx_hal_msp.o
 .debug_aranges
                0x00000000000000c8       0x68 build/stm32u5xx_it.o
 .debug_aranges
                0x0000000000000130       0x28 build/system_stm32u5xx.o
 .debug_aranges
                0x0000000000000158      0x120 build/stm32u5xx_hal.o
 .debug_aranges
                0x0000000000000278      0x120 build/stm32u5xx_hal_adc.o
 .debug_aranges
                0x0000000000000398       0xf8 build/stm32u5xx_hal_cortex.o
 .debug_aranges
                0x0000000000000490      0x208 build/stm32u5xx_hal_fdcan.o
 .debug_aranges
                0x0000000000000698       0x70 build/stm32u5xx_hal_gpio.o
 .debug_aranges
                0x0000000000000708      0x140 build/stm32u5xx_hal_pcd.o
 .debug_aranges
                0x0000000000000848       0x60 build/stm32u5xx_hal_pcd_ex.o
 .debug_aranges
                0x00000000000008a8      0x200 build/stm32u5xx_hal_pwr_ex.o
 .debug_aranges
                0x0000000000000aa8       0xa8 build/stm32u5xx_hal_rcc.o
 .debug_aranges
                0x0000000000000b50      0x138 build/stm32u5xx_hal_rcc_ex.o
 .debug_aranges
                0x0000000000000c88      0x248 build/stm32u5xx_hal_uart.o
 .debug_aranges
                0x0000000000000ed0       0xb0 build/stm32u5xx_hal_uart_ex.o
 .debug_aranges
                0x0000000000000f80       0x58 build/stm32u5xx_ll_gpio.o
 .debug_aranges
                0x0000000000000fd8      0x1a0 build/stm32u5xx_ll_usb.o
 .debug_aranges
                0x0000000000001178       0x28 build/startup_stm32u575zitxq.o
 .debug_aranges
                0x00000000000011a0       0x20 c:/users/yamaan/appdata/roaming/code/user/globalstorage/bmd.stm32-for-vscode/@xpack-dev-tools/arm-none-eabi-gcc/12.2.1-1.2.1/.content/bin/../lib/gcc/arm-none-eabi/12.2.1/thumb/v8-m.main+fp/hard\libgcc.a(_aeabi_uldivmod.o)
 .debug_aranges
                0x00000000000011c0       0x20 c:/users/yamaan/appdata/roaming/code/user/globalstorage/bmd.stm32-for-vscode/@xpack-dev-tools/arm-none-eabi-gcc/12.2.1-1.2.1/.content/bin/../lib/gcc/arm-none-eabi/12.2.1/thumb/v8-m.main+fp/hard\libgcc.a(_udivmoddi4.o)
 .debug_aranges
                0x00000000000011e0       0x20 c:/users/yamaan/appdata/roaming/code/user/globalstorage/bmd.stm32-for-vscode/@xpack-dev-tools/arm-none-eabi-gcc/12.2.1-1.2.1/.content/bin/../lib/gcc/arm-none-eabi/12.2.1/thumb/v8-m.main+fp/hard\libgcc.a(_dvmd_tls.o)

.debug_rnglists
                0x0000000000000000     0x106a
 .debug_rnglists
                0x0000000000000000       0x4c build/main.o
 .debug_rnglists
                0x000000000000004c       0x47 build/stm32u5xx_hal_msp.o
 .debug_rnglists
                0x0000000000000093       0x49 build/stm32u5xx_it.o
 .debug_rnglists
                0x00000000000000dc       0x1a build/system_stm32u5xx.o
 .debug_rnglists
                0x00000000000000f6       0xd3 build/stm32u5xx_hal.o
 .debug_rnglists
                0x00000000000001c9      0x1f0 build/stm32u5xx_hal_adc.o
 .debug_rnglists
                0x00000000000003b9       0xb5 build/stm32u5xx_hal_cortex.o
 .debug_rnglists
                0x000000000000046e      0x189 build/stm32u5xx_hal_fdcan.o
 .debug_rnglists
                0x00000000000005f7       0x69 build/stm32u5xx_hal_gpio.o
 .debug_rnglists
                0x0000000000000660       0xf1 build/stm32u5xx_hal_pcd.o
 .debug_rnglists
                0x0000000000000751       0x44 build/stm32u5xx_hal_pcd_ex.o
 .debug_rnglists
                0x0000000000000795      0x185 build/stm32u5xx_hal_pwr_ex.o
 .debug_rnglists
                0x000000000000091a       0xe8 build/stm32u5xx_hal_rcc.o
 .debug_rnglists
                0x0000000000000a02      0x107 build/stm32u5xx_hal_rcc_ex.o
 .debug_rnglists
                0x0000000000000b09      0x1d6 build/stm32u5xx_hal_uart.o
 .debug_rnglists
                0x0000000000000cdf       0x81 build/stm32u5xx_hal_uart_ex.o
 .debug_rnglists
                0x0000000000000d60      0x123 build/stm32u5xx_ll_gpio.o
 .debug_rnglists
                0x0000000000000e83      0x141 build/stm32u5xx_ll_usb.o
 .debug_rnglists
                0x0000000000000fc4       0x19 build/startup_stm32u575zitxq.o
 .debug_rnglists
                0x0000000000000fdd       0x8d c:/users/yamaan/appdata/roaming/code/user/globalstorage/bmd.stm32-for-vscode/@xpack-dev-tools/arm-none-eabi-gcc/12.2.1-1.2.1/.content/bin/../lib/gcc/arm-none-eabi/12.2.1/thumb/v8-m.main+fp/hard\libgcc.a(_udivmoddi4.o)

.debug_line     0x0000000000000000    0x18049
 .debug_line    0x0000000000000000      0x9c4 build/main.o
 .debug_line    0x00000000000009c4      0x6dc build/stm32u5xx_hal_msp.o
 .debug_line    0x00000000000010a0      0x38a build/stm32u5xx_it.o
 .debug_line    0x000000000000142a      0x464 build/system_stm32u5xx.o
 .debug_line    0x000000000000188e      0x743 build/stm32u5xx_hal.o
 .debug_line    0x0000000000001fd1     0x2d40 build/stm32u5xx_hal_adc.o
 .debug_line    0x0000000000004d11      0x957 build/stm32u5xx_hal_cortex.o
 .debug_line    0x0000000000005668     0x1a9a build/stm32u5xx_hal_fdcan.o
 .debug_line    0x0000000000007102      0xa3b build/stm32u5xx_hal_gpio.o
 .debug_line    0x0000000000007b3d     0x160d build/stm32u5xx_hal_pcd.o
 .debug_line    0x000000000000914a      0x562 build/stm32u5xx_hal_pcd_ex.o
 .debug_line    0x00000000000096ac      0xfb7 build/stm32u5xx_hal_pwr_ex.o
 .debug_line    0x000000000000a663     0x17ba build/stm32u5xx_hal_rcc.o
 .debug_line    0x000000000000be1d     0x2844 build/stm32u5xx_hal_rcc_ex.o
 .debug_line    0x000000000000e661     0x5b5d build/stm32u5xx_hal_uart.o
 .debug_line    0x00000000000141be      0xf62 build/stm32u5xx_hal_uart_ex.o
 .debug_line    0x0000000000015120      0x93b build/stm32u5xx_ll_gpio.o
 .debug_line    0x0000000000015a5b     0x1f03 build/stm32u5xx_ll_usb.o
 .debug_line    0x000000000001795e       0x77 build/startup_stm32u575zitxq.o
 .debug_line    0x00000000000179d5       0x4e c:/users/yamaan/appdata/roaming/code/user/globalstorage/bmd.stm32-for-vscode/@xpack-dev-tools/arm-none-eabi-gcc/12.2.1-1.2.1/.content/bin/../lib/gcc/arm-none-eabi/12.2.1/thumb/v8-m.main+fp/hard\libgcc.a(_aeabi_uldivmod.o)
 .debug_line    0x0000000000017a23      0x5dc c:/users/yamaan/appdata/roaming/code/user/globalstorage/bmd.stm32-for-vscode/@xpack-dev-tools/arm-none-eabi-gcc/12.2.1-1.2.1/.content/bin/../lib/gcc/arm-none-eabi/12.2.1/thumb/v8-m.main+fp/hard\libgcc.a(_udivmoddi4.o)
 .debug_line    0x0000000000017fff       0x4a c:/users/yamaan/appdata/roaming/code/user/globalstorage/bmd.stm32-for-vscode/@xpack-dev-tools/arm-none-eabi-gcc/12.2.1-1.2.1/.content/bin/../lib/gcc/arm-none-eabi/12.2.1/thumb/v8-m.main+fp/hard\libgcc.a(_dvmd_tls.o)

.debug_str      0x0000000000000000     0x7d32
 .debug_str     0x0000000000000000     0x173a build/main.o
                                       0x18a5 (size before relaxing)
 .debug_str     0x000000000000173a      0xb5f build/stm32u5xx_hal_msp.o
                                       0x2024 (size before relaxing)
 .debug_str     0x0000000000002299       0xd9 build/stm32u5xx_it.o
                                        0x6af (size before relaxing)
 .debug_str     0x0000000000002372      0x19d build/system_stm32u5xx.o
                                        0x57d (size before relaxing)
 .debug_str     0x000000000000250f      0x635 build/stm32u5xx_hal.o
                                       0x11ef (size before relaxing)
 .debug_str     0x0000000000002b44      0xc53 build/stm32u5xx_hal_adc.o
                                       0x166a (size before relaxing)
 .debug_str     0x0000000000003797      0x495 build/stm32u5xx_hal_cortex.o
                                       0x116e (size before relaxing)
 .debug_str     0x0000000000003c2c      0xbdd build/stm32u5xx_hal_fdcan.o
                                       0x1240 (size before relaxing)
 .debug_str     0x0000000000004809      0x1d8 build/stm32u5xx_hal_gpio.o
                                        0x4d4 (size before relaxing)
 .debug_str     0x00000000000049e1      0x7f2 build/stm32u5xx_hal_pcd.o
                                        0xe2a (size before relaxing)
 .debug_str     0x00000000000051d3      0x199 build/stm32u5xx_hal_pcd_ex.o
                                        0x815 (size before relaxing)
 .debug_str     0x000000000000536c      0x835 build/stm32u5xx_hal_pwr_ex.o
                                        0xc34 (size before relaxing)
 .debug_str     0x0000000000005ba1      0x271 build/stm32u5xx_hal_rcc.o
                                        0xc13 (size before relaxing)
 .debug_str     0x0000000000005e12      0x714 build/stm32u5xx_hal_rcc_ex.o
                                       0x10f1 (size before relaxing)
 .debug_str     0x0000000000006526      0x803 build/stm32u5xx_hal_uart.o
                                       0x10f2 (size before relaxing)
 .debug_str     0x0000000000006d29      0x2d4 build/stm32u5xx_hal_uart_ex.o
                                        0xcc0 (size before relaxing)
 .debug_str     0x0000000000006ffd      0x121 build/stm32u5xx_ll_gpio.o
                                        0x5d8 (size before relaxing)
 .debug_str     0x000000000000711e      0x441 build/stm32u5xx_ll_usb.o
                                        0xcff (size before relaxing)
 .debug_str     0x000000000000755f       0x5b build/startup_stm32u575zitxq.o
                                         0x96 (size before relaxing)
 .debug_str     0x00000000000075ba      0x116 c:/users/yamaan/appdata/roaming/code/user/globalstorage/bmd.stm32-for-vscode/@xpack-dev-tools/arm-none-eabi-gcc/12.2.1-1.2.1/.content/bin/../lib/gcc/arm-none-eabi/12.2.1/thumb/v8-m.main+fp/hard\libgcc.a(_aeabi_uldivmod.o)
                                        0x124 (size before relaxing)
 .debug_str     0x00000000000076d0      0x5d7 c:/users/yamaan/appdata/roaming/code/user/globalstorage/bmd.stm32-for-vscode/@xpack-dev-tools/arm-none-eabi-gcc/12.2.1-1.2.1/.content/bin/../lib/gcc/arm-none-eabi/12.2.1/thumb/v8-m.main+fp/hard\libgcc.a(_udivmoddi4.o)
                                        0x732 (size before relaxing)
 .debug_str     0x0000000000007ca7       0x8b c:/users/yamaan/appdata/roaming/code/user/globalstorage/bmd.stm32-for-vscode/@xpack-dev-tools/arm-none-eabi-gcc/12.2.1-1.2.1/.content/bin/../lib/gcc/arm-none-eabi/12.2.1/thumb/v8-m.main+fp/hard\libgcc.a(_dvmd_tls.o)
                                        0x144 (size before relaxing)

.debug_frame    0x0000000000000000     0x2c9c
 .debug_frame   0x0000000000000000      0x120 build/main.o
 .debug_frame   0x0000000000000120      0x11c build/stm32u5xx_hal_msp.o
 .debug_frame   0x000000000000023c       0xc0 build/stm32u5xx_it.o
 .debug_frame   0x00000000000002fc       0x3c build/system_stm32u5xx.o
 .debug_frame   0x0000000000000338      0x254 build/stm32u5xx_hal.o
 .debug_frame   0x000000000000058c      0x374 build/stm32u5xx_hal_adc.o
 .debug_frame   0x0000000000000900      0x224 build/stm32u5xx_hal_cortex.o
 .debug_frame   0x0000000000000b24      0x4b8 build/stm32u5xx_hal_fdcan.o
 .debug_frame   0x0000000000000fdc      0x118 build/stm32u5xx_hal_gpio.o
 .debug_frame   0x00000000000010f4      0x378 build/stm32u5xx_hal_pcd.o
 .debug_frame   0x000000000000146c       0xb8 build/stm32u5xx_hal_pcd_ex.o
 .debug_frame   0x0000000000001524      0x3f8 build/stm32u5xx_hal_pwr_ex.o
 .debug_frame   0x000000000000191c      0x1f8 build/stm32u5xx_hal_rcc.o
 .debug_frame   0x0000000000001b14      0x31c build/stm32u5xx_hal_rcc_ex.o
 .debug_frame   0x0000000000001e30      0x69c build/stm32u5xx_hal_uart.o
 .debug_frame   0x00000000000024cc      0x1f4 build/stm32u5xx_hal_uart_ex.o
 .debug_frame   0x00000000000026c0       0xdc build/stm32u5xx_ll_gpio.o
 .debug_frame   0x000000000000279c      0x49c build/stm32u5xx_ll_usb.o
 .debug_frame   0x0000000000002c38       0x2c c:/users/yamaan/appdata/roaming/code/user/globalstorage/bmd.stm32-for-vscode/@xpack-dev-tools/arm-none-eabi-gcc/12.2.1-1.2.1/.content/bin/../lib/gcc/arm-none-eabi/12.2.1/thumb/v8-m.main+fp/hard\libgcc.a(_aeabi_uldivmod.o)
 .debug_frame   0x0000000000002c64       0x38 c:/users/yamaan/appdata/roaming/code/user/globalstorage/bmd.stm32-for-vscode/@xpack-dev-tools/arm-none-eabi-gcc/12.2.1-1.2.1/.content/bin/../lib/gcc/arm-none-eabi/12.2.1/thumb/v8-m.main+fp/hard\libgcc.a(_udivmoddi4.o)

.debug_line_str
                0x0000000000000000      0x19c
 .debug_line_str
                0x0000000000000000       0x7a build/startup_stm32u575zitxq.o
 .debug_line_str
                0x000000000000007a      0x116 c:/users/yamaan/appdata/roaming/code/user/globalstorage/bmd.stm32-for-vscode/@xpack-dev-tools/arm-none-eabi-gcc/12.2.1-1.2.1/.content/bin/../lib/gcc/arm-none-eabi/12.2.1/thumb/v8-m.main+fp/hard\libgcc.a(_aeabi_uldivmod.o)
 .debug_line_str
                0x0000000000000190        0xc c:/users/yamaan/appdata/roaming/code/user/globalstorage/bmd.stm32-for-vscode/@xpack-dev-tools/arm-none-eabi-gcc/12.2.1-1.2.1/.content/bin/../lib/gcc/arm-none-eabi/12.2.1/thumb/v8-m.main+fp/hard\libgcc.a(_dvmd_tls.o)
                                        0x11a (size before relaxing)

Cross Reference Table

Symbol                                            File
ADC1_IRQHandler                                   build/startup_stm32u575zitxq.o
ADC4_IRQHandler                                   build/startup_stm32u575zitxq.o
ADC_ConversionStop                                build/stm32u5xx_hal_adc.o
                                                  build/stm32u5xx_hal_adc_ex.o
ADC_DMAConvCplt                                   build/stm32u5xx_hal_adc.o
ADC_DMAError                                      build/stm32u5xx_hal_adc.o
ADC_DMAHalfConvCplt                               build/stm32u5xx_hal_adc.o
ADC_Disable                                       build/stm32u5xx_hal_adc.o
                                                  build/stm32u5xx_hal_adc_ex.o
ADC_Enable                                        build/stm32u5xx_hal_adc.o
                                                  build/stm32u5xx_hal_adc_ex.o
ADF1_IRQHandler                                   build/startup_stm32u575zitxq.o
AHBPrescTable                                     build/system_stm32u5xx.o
                                                  build/stm32u5xx_ll_utils.o
                                                  build/stm32u5xx_hal_rcc.o
                                                  build/stm32u5xx_hal.o
APBPrescTable                                     build/system_stm32u5xx.o
                                                  build/stm32u5xx_hal_rcc.o
BusFault_Handler                                  build/stm32u5xx_it.o
COMP_IRQHandler                                   build/startup_stm32u575zitxq.o
CORDIC_IRQHandler                                 build/startup_stm32u575zitxq.o
CRS_IRQHandler                                    build/startup_stm32u575zitxq.o
DAC1_IRQHandler                                   build/startup_stm32u575zitxq.o
DCACHE1_IRQHandler                                build/startup_stm32u575zitxq.o
DCMI_PSSI_IRQHandler                              build/startup_stm32u575zitxq.o
DMA2D_IRQHandler                                  build/startup_stm32u575zitxq.o
DebugMon_Handler                                  build/stm32u5xx_it.o
Default_Handler                                   build/startup_stm32u575zitxq.o
EXTI0_IRQHandler                                  build/startup_stm32u575zitxq.o
EXTI10_IRQHandler                                 build/startup_stm32u575zitxq.o
EXTI11_IRQHandler                                 build/startup_stm32u575zitxq.o
EXTI12_IRQHandler                                 build/startup_stm32u575zitxq.o
EXTI13_IRQHandler                                 build/startup_stm32u575zitxq.o
EXTI14_IRQHandler                                 build/startup_stm32u575zitxq.o
EXTI15_IRQHandler                                 build/startup_stm32u575zitxq.o
EXTI1_IRQHandler                                  build/startup_stm32u575zitxq.o
EXTI2_IRQHandler                                  build/startup_stm32u575zitxq.o
EXTI3_IRQHandler                                  build/startup_stm32u575zitxq.o
EXTI4_IRQHandler                                  build/startup_stm32u575zitxq.o
EXTI5_IRQHandler                                  build/startup_stm32u575zitxq.o
EXTI6_IRQHandler                                  build/startup_stm32u575zitxq.o
EXTI7_IRQHandler                                  build/startup_stm32u575zitxq.o
EXTI8_IRQHandler                                  build/startup_stm32u575zitxq.o
EXTI9_IRQHandler                                  build/startup_stm32u575zitxq.o
Error_Handler                                     build/main.o
                                                  build/stm32u5xx_hal_msp.o
FDCAN1_IT0_IRQHandler                             build/startup_stm32u575zitxq.o
FDCAN1_IT1_IRQHandler                             build/startup_stm32u575zitxq.o
FLASH_IRQHandler                                  build/startup_stm32u575zitxq.o
FLASH_PageErase                                   build/stm32u5xx_hal_flash_ex.o
                                                  build/stm32u5xx_hal_flash.o
FLASH_S_IRQHandler                                build/startup_stm32u575zitxq.o
FLASH_WaitForLastOperation                        build/stm32u5xx_hal_flash.o
                                                  build/stm32u5xx_hal_flash_ex.o
FMAC_IRQHandler                                   build/startup_stm32u575zitxq.o
FMC_IRQHandler                                    build/startup_stm32u575zitxq.o
FPU_IRQHandler                                    build/startup_stm32u575zitxq.o
GPDMA1_Channel0_IRQHandler                        build/startup_stm32u575zitxq.o
GPDMA1_Channel10_IRQHandler                       build/startup_stm32u575zitxq.o
GPDMA1_Channel11_IRQHandler                       build/startup_stm32u575zitxq.o
GPDMA1_Channel12_IRQHandler                       build/startup_stm32u575zitxq.o
GPDMA1_Channel13_IRQHandler                       build/startup_stm32u575zitxq.o
GPDMA1_Channel14_IRQHandler                       build/startup_stm32u575zitxq.o
GPDMA1_Channel15_IRQHandler                       build/startup_stm32u575zitxq.o
GPDMA1_Channel1_IRQHandler                        build/startup_stm32u575zitxq.o
GPDMA1_Channel2_IRQHandler                        build/startup_stm32u575zitxq.o
GPDMA1_Channel3_IRQHandler                        build/startup_stm32u575zitxq.o
GPDMA1_Channel4_IRQHandler                        build/startup_stm32u575zitxq.o
GPDMA1_Channel5_IRQHandler                        build/startup_stm32u575zitxq.o
GPDMA1_Channel6_IRQHandler                        build/startup_stm32u575zitxq.o
GPDMA1_Channel7_IRQHandler                        build/startup_stm32u575zitxq.o
GPDMA1_Channel8_IRQHandler                        build/startup_stm32u575zitxq.o
GPDMA1_Channel9_IRQHandler                        build/startup_stm32u575zitxq.o
GTZC_IRQHandler                                   build/startup_stm32u575zitxq.o
HAL_ADCEx_Calibration_GetValue                    build/stm32u5xx_hal_adc_ex.o
HAL_ADCEx_Calibration_SetValue                    build/stm32u5xx_hal_adc_ex.o
HAL_ADCEx_Calibration_Start                       build/stm32u5xx_hal_adc_ex.o
HAL_ADCEx_DisableVoltageRegulator                 build/stm32u5xx_hal_adc_ex.o
HAL_ADCEx_EndOfSamplingCallback                   build/stm32u5xx_hal_adc_ex.o
                                                  build/stm32u5xx_hal_adc.o
HAL_ADCEx_EnterADCDeepPowerDownMode               build/stm32u5xx_hal_adc_ex.o
HAL_ADCEx_InjectedConfigChannel                   build/stm32u5xx_hal_adc_ex.o
HAL_ADCEx_InjectedConvCpltCallback                build/stm32u5xx_hal_adc_ex.o
                                                  build/stm32u5xx_hal_adc.o
HAL_ADCEx_InjectedGetValue                        build/stm32u5xx_hal_adc_ex.o
HAL_ADCEx_InjectedPollForConversion               build/stm32u5xx_hal_adc_ex.o
HAL_ADCEx_InjectedQueueOverflowCallback           build/stm32u5xx_hal_adc_ex.o
HAL_ADCEx_InjectedStart                           build/stm32u5xx_hal_adc_ex.o
HAL_ADCEx_InjectedStart_IT                        build/stm32u5xx_hal_adc_ex.o
HAL_ADCEx_InjectedStop                            build/stm32u5xx_hal_adc_ex.o
HAL_ADCEx_InjectedStop_IT                         build/stm32u5xx_hal_adc_ex.o
HAL_ADCEx_LevelOutOfWindow2Callback               build/stm32u5xx_hal_adc_ex.o
                                                  build/stm32u5xx_hal_adc.o
HAL_ADCEx_LevelOutOfWindow3Callback               build/stm32u5xx_hal_adc_ex.o
                                                  build/stm32u5xx_hal_adc.o
HAL_ADCEx_LinearCalibration_GetValue              build/stm32u5xx_hal_adc_ex.o
HAL_ADCEx_LinearCalibration_SetValue              build/stm32u5xx_hal_adc_ex.o
HAL_ADCEx_RegularStop                             build/stm32u5xx_hal_adc_ex.o
HAL_ADCEx_RegularStop_DMA                         build/stm32u5xx_hal_adc_ex.o
HAL_ADCEx_RegularStop_IT                          build/stm32u5xx_hal_adc_ex.o
HAL_ADC_AnalogWDGConfig                           build/stm32u5xx_hal_adc.o
HAL_ADC_ConfigChannel                             build/stm32u5xx_hal_adc.o
HAL_ADC_ConvCpltCallback                          build/stm32u5xx_hal_adc.o
HAL_ADC_ConvHalfCpltCallback                      build/stm32u5xx_hal_adc.o
HAL_ADC_DeInit                                    build/stm32u5xx_hal_adc.o
HAL_ADC_ErrorCallback                             build/stm32u5xx_hal_adc.o
HAL_ADC_GetError                                  build/stm32u5xx_hal_adc.o
HAL_ADC_GetState                                  build/stm32u5xx_hal_adc.o
HAL_ADC_GetValue                                  build/stm32u5xx_hal_adc.o
HAL_ADC_IRQHandler                                build/stm32u5xx_hal_adc.o
HAL_ADC_Init                                      build/stm32u5xx_hal_adc.o
                                                  build/main.o
HAL_ADC_LevelOutOfWindowCallback                  build/stm32u5xx_hal_adc.o
HAL_ADC_MspDeInit                                 build/stm32u5xx_hal_msp.o
HAL_ADC_MspInit                                   build/stm32u5xx_hal_msp.o
HAL_ADC_PollForConversion                         build/stm32u5xx_hal_adc.o
HAL_ADC_PollForEvent                              build/stm32u5xx_hal_adc.o
HAL_ADC_Start                                     build/stm32u5xx_hal_adc.o
HAL_ADC_Start_DMA                                 build/stm32u5xx_hal_adc.o
HAL_ADC_Start_IT                                  build/stm32u5xx_hal_adc.o
HAL_ADC_Stop                                      build/stm32u5xx_hal_adc.o
HAL_ADC_Stop_DMA                                  build/stm32u5xx_hal_adc.o
HAL_ADC_Stop_IT                                   build/stm32u5xx_hal_adc.o
HAL_DBGMCU_DisableDBGStandbyMode                  build/stm32u5xx_hal.o
HAL_DBGMCU_DisableDBGStopMode                     build/stm32u5xx_hal.o
HAL_DBGMCU_EnableDBGStandbyMode                   build/stm32u5xx_hal.o
HAL_DBGMCU_EnableDBGStopMode                      build/stm32u5xx_hal.o
HAL_DMAEx_ConfigDataHandling                      build/stm32u5xx_hal_dma_ex.o
HAL_DMAEx_ConfigRepeatBlock                       build/stm32u5xx_hal_dma_ex.o
HAL_DMAEx_ConfigTrigger                           build/stm32u5xx_hal_dma_ex.o
HAL_DMAEx_GetFifoLevel                            build/stm32u5xx_hal_dma_ex.o
HAL_DMAEx_List_BuildNode                          build/stm32u5xx_hal_dma_ex.o
HAL_DMAEx_List_ClearCircularMode                  build/stm32u5xx_hal_dma_ex.o
HAL_DMAEx_List_ConvertQToDynamic                  build/stm32u5xx_hal_dma_ex.o
HAL_DMAEx_List_ConvertQToStatic                   build/stm32u5xx_hal_dma_ex.o
HAL_DMAEx_List_DeInit                             build/stm32u5xx_hal_dma_ex.o
HAL_DMAEx_List_GetNodeConfig                      build/stm32u5xx_hal_dma_ex.o
                                                  build/stm32u5xx_hal_adc.o
HAL_DMAEx_List_Init                               build/stm32u5xx_hal_dma_ex.o
HAL_DMAEx_List_InsertNode                         build/stm32u5xx_hal_dma_ex.o
HAL_DMAEx_List_InsertNode_Head                    build/stm32u5xx_hal_dma_ex.o
HAL_DMAEx_List_InsertNode_Tail                    build/stm32u5xx_hal_dma_ex.o
HAL_DMAEx_List_InsertQ                            build/stm32u5xx_hal_dma_ex.o
HAL_DMAEx_List_InsertQ_Head                       build/stm32u5xx_hal_dma_ex.o
HAL_DMAEx_List_InsertQ_Tail                       build/stm32u5xx_hal_dma_ex.o
HAL_DMAEx_List_LinkQ                              build/stm32u5xx_hal_dma_ex.o
HAL_DMAEx_List_RemoveNode                         build/stm32u5xx_hal_dma_ex.o
HAL_DMAEx_List_RemoveNode_Head                    build/stm32u5xx_hal_dma_ex.o
HAL_DMAEx_List_RemoveNode_Tail                    build/stm32u5xx_hal_dma_ex.o
HAL_DMAEx_List_ReplaceNode                        build/stm32u5xx_hal_dma_ex.o
HAL_DMAEx_List_ReplaceNode_Head                   build/stm32u5xx_hal_dma_ex.o
HAL_DMAEx_List_ReplaceNode_Tail                   build/stm32u5xx_hal_dma_ex.o
HAL_DMAEx_List_ResetQ                             build/stm32u5xx_hal_dma_ex.o
HAL_DMAEx_List_SetCircularMode                    build/stm32u5xx_hal_dma_ex.o
HAL_DMAEx_List_SetCircularModeConfig              build/stm32u5xx_hal_dma_ex.o
HAL_DMAEx_List_Start                              build/stm32u5xx_hal_dma_ex.o
HAL_DMAEx_List_Start_IT                           build/stm32u5xx_hal_dma_ex.o
                                                  build/stm32u5xx_hal_uart.o
                                                  build/stm32u5xx_hal_adc.o
HAL_DMAEx_List_UnLinkQ                            build/stm32u5xx_hal_dma_ex.o
HAL_DMAEx_Resume                                  build/stm32u5xx_hal_dma_ex.o
                                                  build/stm32u5xx_hal_uart.o
HAL_DMAEx_Suspend                                 build/stm32u5xx_hal_dma_ex.o
                                                  build/stm32u5xx_hal_uart.o
HAL_DMAEx_Suspend_IT                              build/stm32u5xx_hal_dma_ex.o
HAL_DMA_Abort                                     build/stm32u5xx_hal_dma.o
                                                  build/stm32u5xx_hal_uart.o
                                                  build/stm32u5xx_hal_adc_ex.o
                                                  build/stm32u5xx_hal_adc.o
HAL_DMA_Abort_IT                                  build/stm32u5xx_hal_dma.o
                                                  build/stm32u5xx_hal_uart.o
HAL_DMA_ConfigChannelAttributes                   build/stm32u5xx_hal_dma.o
HAL_DMA_DeInit                                    build/stm32u5xx_hal_dma.o
HAL_DMA_GetConfigChannelAttributes                build/stm32u5xx_hal_dma.o
HAL_DMA_GetError                                  build/stm32u5xx_hal_dma.o
                                                  build/stm32u5xx_hal_uart.o
HAL_DMA_GetLockChannelAttributes                  build/stm32u5xx_hal_dma.o
HAL_DMA_GetState                                  build/stm32u5xx_hal_dma.o
HAL_DMA_IRQHandler                                build/stm32u5xx_hal_dma.o
HAL_DMA_Init                                      build/stm32u5xx_hal_dma.o
HAL_DMA_PollForTransfer                           build/stm32u5xx_hal_dma.o
HAL_DMA_RegisterCallback                          build/stm32u5xx_hal_dma.o
HAL_DMA_Start                                     build/stm32u5xx_hal_dma.o
HAL_DMA_Start_IT                                  build/stm32u5xx_hal_dma.o
                                                  build/stm32u5xx_hal_uart.o
                                                  build/stm32u5xx_hal_adc.o
HAL_DMA_UnRegisterCallback                        build/stm32u5xx_hal_dma.o
HAL_DeInit                                        build/stm32u5xx_hal.o
HAL_Delay                                         build/stm32u5xx_hal.o
                                                  build/stm32u5xx_ll_usb.o
                                                  build/stm32u5xx_hal_pcd_ex.o
HAL_EXTI_ClearConfigLine                          build/stm32u5xx_hal_exti.o
HAL_EXTI_ClearPending                             build/stm32u5xx_hal_exti.o
HAL_EXTI_ConfigLineAttributes                     build/stm32u5xx_hal_exti.o
HAL_EXTI_GenerateSWI                              build/stm32u5xx_hal_exti.o
HAL_EXTI_GetConfigLine                            build/stm32u5xx_hal_exti.o
HAL_EXTI_GetConfigLineAttributes                  build/stm32u5xx_hal_exti.o
HAL_EXTI_GetHandle                                build/stm32u5xx_hal_exti.o
HAL_EXTI_GetPending                               build/stm32u5xx_hal_exti.o
HAL_EXTI_IRQHandler                               build/stm32u5xx_hal_exti.o
HAL_EXTI_RegisterCallback                         build/stm32u5xx_hal_exti.o
HAL_EXTI_SetConfigLine                            build/stm32u5xx_hal_exti.o
HAL_FDCAN_AbortTxRequest                          build/stm32u5xx_hal_fdcan.o
HAL_FDCAN_ActivateNotification                    build/stm32u5xx_hal_fdcan.o
HAL_FDCAN_AddMessageToTxFifoQ                     build/stm32u5xx_hal_fdcan.o
HAL_FDCAN_ConfigExtendedIdMask                    build/stm32u5xx_hal_fdcan.o
HAL_FDCAN_ConfigFilter                            build/stm32u5xx_hal_fdcan.o
HAL_FDCAN_ConfigGlobalFilter                      build/stm32u5xx_hal_fdcan.o
HAL_FDCAN_ConfigInterruptLines                    build/stm32u5xx_hal_fdcan.o
HAL_FDCAN_ConfigRamWatchdog                       build/stm32u5xx_hal_fdcan.o
HAL_FDCAN_ConfigRxFifoOverwrite                   build/stm32u5xx_hal_fdcan.o
HAL_FDCAN_ConfigTimeoutCounter                    build/stm32u5xx_hal_fdcan.o
HAL_FDCAN_ConfigTimestampCounter                  build/stm32u5xx_hal_fdcan.o
HAL_FDCAN_ConfigTxDelayCompensation               build/stm32u5xx_hal_fdcan.o
HAL_FDCAN_DeInit                                  build/stm32u5xx_hal_fdcan.o
HAL_FDCAN_DeactivateNotification                  build/stm32u5xx_hal_fdcan.o
HAL_FDCAN_DisableEdgeFiltering                    build/stm32u5xx_hal_fdcan.o
HAL_FDCAN_DisableISOMode                          build/stm32u5xx_hal_fdcan.o
HAL_FDCAN_DisableTimeoutCounter                   build/stm32u5xx_hal_fdcan.o
HAL_FDCAN_DisableTimestampCounter                 build/stm32u5xx_hal_fdcan.o
HAL_FDCAN_DisableTxDelayCompensation              build/stm32u5xx_hal_fdcan.o
HAL_FDCAN_EnableEdgeFiltering                     build/stm32u5xx_hal_fdcan.o
HAL_FDCAN_EnableISOMode                           build/stm32u5xx_hal_fdcan.o
HAL_FDCAN_EnableTimeoutCounter                    build/stm32u5xx_hal_fdcan.o
HAL_FDCAN_EnableTimestampCounter                  build/stm32u5xx_hal_fdcan.o
HAL_FDCAN_EnableTxDelayCompensation               build/stm32u5xx_hal_fdcan.o
HAL_FDCAN_EnterPowerDownMode                      build/stm32u5xx_hal_fdcan.o
HAL_FDCAN_ErrorCallback                           build/stm32u5xx_hal_fdcan.o
HAL_FDCAN_ErrorStatusCallback                     build/stm32u5xx_hal_fdcan.o